[cross_domain_f0_CTT_Forester_FS-B] train=150,000 (pos 75,000) calib=98,229 eval=125,812 (pos 27,607) dim=40
   [cross_domain_f0_CTT_Forester_FS-B] Rule:Periodicity         PR-AUC=0.9342 ROC=0.9425 R@10FA=0.002 R@fpr1e-3=0.865 (0.0s+0.0s)
   [cross_domain_f0_CTT_Forester_FS-B] Rule:UnseenID            PR-AUC=0.3344 ROC=0.5737 R@10FA=0.147 R@fpr1e-3=0.147 (0.0s+0.0s)
   [cross_domain_f0_CTT_Forester_FS-B] Rule:BusLoad             PR-AUC=0.7473 ROC=0.8560 R@10FA=0.295 R@fpr1e-3=0.348 (0.0s+0.0s)
   [cross_domain_f0_CTT_Forester_FS-B] Rule:IDEntropy           PR-AUC=0.6048 ROC=0.7265 R@10FA=0.000 R@fpr1e-3=0.000 (0.0s+0.0s)
   [cross_domain_f0_CTT_Forester_FS-B] Rule:Hamming             PR-AUC=0.7307 ROC=0.8159 R@10FA=0.182 R@fpr1e-3=0.231 (0.0s+0.0s)
   [cross_domain_f0_CTT_Forester_FS-B] Rule:Staleness           PR-AUC=0.2174 ROC=0.4823 R@10FA=0.000 R@fpr1e-3=0.000 (0.0s+0.0s)
   [cross_domain_f0_CTT_Forester_FS-B] Rule:Combined            PR-AUC=0.9338 ROC=0.9780 R@10FA=0.099 R@fpr1e-3=0.099 (0.1s+0.1s)
   [cross_domain_f0_CTT_Forester_FS-B] Rule:Periodicity@target  PR-AUC=0.9342 ROC=0.9425 R@10FA=0.002 R@fpr1e-3=0.865 (0.0s+0.0s)
   [cross_domain_f0_CTT_Forester_FS-B] Rule:UnseenID@target     PR-AUC=0.3344 ROC=0.5737 R@10FA=0.147 R@fpr1e-3=0.147 (0.0s+0.0s)
   [cross_domain_f0_CTT_Forester_FS-B] Rule:BusLoad@target      PR-AUC=0.7473 ROC=0.8560 R@10FA=0.295 R@fpr1e-3=0.348 (0.0s+0.0s)
   [cross_domain_f0_CTT_Forester_FS-B] Rule:IDEntropy@target    PR-AUC=0.6048 ROC=0.7265 R@10FA=0.000 R@fpr1e-3=0.000 (0.0s+0.0s)
   [cross_domain_f0_CTT_Forester_FS-B] Rule:Hamming@target      PR-AUC=0.7307 ROC=0.8159 R@10FA=0.182 R@fpr1e-3=0.231 (0.0s+0.0s)
   [cross_domain_f0_CTT_Forester_FS-B] Rule:Staleness@target    PR-AUC=0.2174 ROC=0.4823 R@10FA=0.000 R@fpr1e-3=0.000 (0.0s+0.0s)
   [cross_domain_f0_CTT_Forester_FS-B] Rule:Combined@target     PR-AUC=0.9719 ROC=0.9939 R@10FA=0.300 R@fpr1e-3=0.309 (0.1s+0.1s)
   [cross_domain_f0_CTT_Forester_FS-B] IForest                  PR-AUC=0.8852 ROC=0.9638 R@10FA=0.001 R@fpr1e-3=0.001 (1.6s+4.1s)
   [cross_domain_f0_CTT_Forester_FS-B] IForest@target           PR-AUC=0.9756 ROC=0.9959 R@10FA=0.002 R@fpr1e-3=0.047 (1.8s+4.6s)
   [cross_domain_f0_CTT_Forester_FS-B] LogReg                   PR-AUC=0.9744 ROC=0.9915 R@10FA=0.000 R@fpr1e-3=0.000 (5.1s+0.1s)
   [cross_domain_f0_CTT_Forester_FS-B] RandomForest             PR-AUC=0.9995 ROC=0.9997 R@10FA=0.880 R@fpr1e-3=0.997 (84.2s+2.2s)
   [cross_domain_f0_CTT_Forester_FS-B] ExtraTrees               PR-AUC=0.9994 ROC=0.9997 R@10FA=0.933 R@fpr1e-3=0.996 (35.1s+2.6s)
   [cross_domain_f0_CTT_Forester_FS-B] HistGB                   PR-AUC=0.9997 ROC=0.9998 R@10FA=0.952 R@fpr1e-3=0.996 (49.8s+4.4s)
   [cross_domain_f0_CTT_Forester_FS-B] XGBoost                  PR-AUC=0.9996 ROC=0.9998 R@10FA=0.954 R@fpr1e-3=0.996 (11.7s+0.9s)
   [cross_domain_f0_CTT_Forester_FS-B] LightGBM                 PR-AUC=0.9996 ROC=0.9998 R@10FA=0.938 R@fpr1e-3=0.996 (41.1s+2.9s)
   [cross_domain_f0_CTT_Forester_FS-B] CatBoost                 PR-AUC=0.9996 ROC=0.9998 R@10FA=0.951 R@fpr1e-3=0.998 (29.6s+0.1s)
   [cross_domain_f0_CTT_Forester_FS-B] NN:MLP                   PR-AUC=0.9990 ROC=0.9994 R@10FA=0.786 R@fpr1e-3=0.977 (157.6s+0.4s)
   [cross_domain_f0_CTT_Forester_FS-B] NN:CNN1D                 PR-AUC=0.9966 ROC=0.9986 R@10FA=0.000 R@fpr1e-3=0.863 (154.6s+3.8s)
   [cross_domain_f0_CTT_Forester_FS-B] NN:LSTM                  PR-AUC=0.9877 ROC=0.9930 R@10FA=0.462 R@fpr1e-3=0.955 (242.3s+4.2s)
   [cross_domain_f0_CTT_Forester_FS-B] NN:Transformer           PR-AUC=0.9935 ROC=0.9963 R@10FA=0.678 R@fpr1e-3=0.785 (512.7s+5.5s)
   [cross_domain_f0_CTT_Forester_FS-B] Ens:RankAvg-Trees        PR-AUC=0.9996 ROC=0.9998 R@10FA=0.956 R@fpr1e-3=0.997 (108.9s+5.9s)
   [cross_domain_f0_CTT_Forester_FS-B] Ens:Stack-Trees          PR-AUC=0.9995 ROC=0.9997 R@10FA=0.953 R@fpr1e-3=0.996 (504.5s+7.9s)
   [cross_domain_f0_CTT_Forester_FS-B] Ens:RankAvg-Hybrid       PR-AUC=0.9998 ROC=0.9999 R@10FA=0.972 R@fpr1e-3=0.997 (349.8s+14.2s)
[cross_domain_f0_CTT_Forester_FS-B] done in 2365s
