[cross_domain_f0_CIDv2_Prototype_FS-B] train=150,000 (pos 75,000) calib=4,940 eval=5,994 (pos 1,058) dim=40
   [cross_domain_f0_CIDv2_Prototype_FS-B] Rule:Periodicity         PR-AUC=0.1444 ROC=0.2451 R@10FA=0.001 R@fpr1e-3=0.002 (0.0s+0.0s)
   [cross_domain_f0_CIDv2_Prototype_FS-B] Rule:UnseenID            PR-AUC=0.6801 ROC=0.8058 R@10FA=0.612 R@fpr1e-3=0.612 (0.0s+0.0s)
   [cross_domain_f0_CIDv2_Prototype_FS-B] Rule:BusLoad             PR-AUC=0.9117 ROC=0.9276 R@10FA=0.714 R@fpr1e-3=0.716 (0.0s+0.0s)
   [cross_domain_f0_CIDv2_Prototype_FS-B] Rule:IDEntropy           PR-AUC=0.7340 ROC=0.7908 R@10FA=0.593 R@fpr1e-3=0.593 (0.0s+0.0s)
   [cross_domain_f0_CIDv2_Prototype_FS-B] Rule:Hamming             PR-AUC=0.1308 ROC=0.1427 R@10FA=0.000 R@fpr1e-3=0.000 (0.0s+0.0s)
   [cross_domain_f0_CIDv2_Prototype_FS-B] Rule:Staleness           PR-AUC=0.7262 ROC=0.8100 R@10FA=0.573 R@fpr1e-3=0.587 (0.0s+0.0s)
   [cross_domain_f0_CIDv2_Prototype_FS-B] Rule:Combined            PR-AUC=0.7700 ROC=0.9041 R@10FA=0.000 R@fpr1e-3=0.592 (0.1s+0.0s)
   [cross_domain_f0_CIDv2_Prototype_FS-B] Rule:Periodicity@target  PR-AUC=0.1444 ROC=0.2451 R@10FA=0.001 R@fpr1e-3=0.002 (0.0s+0.0s)
   [cross_domain_f0_CIDv2_Prototype_FS-B] Rule:UnseenID@target     PR-AUC=0.6801 ROC=0.8058 R@10FA=0.612 R@fpr1e-3=0.612 (0.0s+0.0s)
   [cross_domain_f0_CIDv2_Prototype_FS-B] Rule:BusLoad@target      PR-AUC=0.9117 ROC=0.9276 R@10FA=0.714 R@fpr1e-3=0.716 (0.0s+0.0s)
   [cross_domain_f0_CIDv2_Prototype_FS-B] Rule:IDEntropy@target    PR-AUC=0.7340 ROC=0.7908 R@10FA=0.593 R@fpr1e-3=0.593 (0.0s+0.0s)
   [cross_domain_f0_CIDv2_Prototype_FS-B] Rule:Hamming@target      PR-AUC=0.1308 ROC=0.1427 R@10FA=0.000 R@fpr1e-3=0.000 (0.0s+0.0s)
   [cross_domain_f0_CIDv2_Prototype_FS-B] Rule:Staleness@target    PR-AUC=0.7262 ROC=0.8100 R@10FA=0.573 R@fpr1e-3=0.587 (0.0s+0.0s)
   [cross_domain_f0_CIDv2_Prototype_FS-B] Rule:Combined@target     PR-AUC=0.8534 ROC=0.9533 R@10FA=0.614 R@fpr1e-3=0.615 (0.0s+0.0s)
   [cross_domain_f0_CIDv2_Prototype_FS-B] IForest                  PR-AUC=0.1183 ROC=0.2121 R@10FA=0.000 R@fpr1e-3=0.000 (1.5s+0.2s)
   [cross_domain_f0_CIDv2_Prototype_FS-B] IForest@target           PR-AUC=0.9346 ROC=0.9850 R@10FA=0.000 R@fpr1e-3=0.000 (0.7s+0.3s)
   [cross_domain_f0_CIDv2_Prototype_FS-B] LogReg                   PR-AUC=0.8144 ROC=0.9367 R@10FA=0.000 R@fpr1e-3=0.000 (2.4s+0.0s)
   [cross_domain_f0_CIDv2_Prototype_FS-B] RandomForest             PR-AUC=0.9574 ROC=0.9627 R@10FA=0.922 R@fpr1e-3=0.924 (88.0s+0.3s)
   [cross_domain_f0_CIDv2_Prototype_FS-B] ExtraTrees               PR-AUC=0.9430 ROC=0.9514 R@10FA=0.808 R@fpr1e-3=0.875 (34.2s+0.4s)
   [cross_domain_f0_CIDv2_Prototype_FS-B] HistGB                   PR-AUC=0.9576 ROC=0.9627 R@10FA=0.875 R@fpr1e-3=0.879 (39.7s+0.3s)
   [cross_domain_f0_CIDv2_Prototype_FS-B] XGBoost                  PR-AUC=0.9578 ROC=0.9601 R@10FA=0.936 R@fpr1e-3=0.936 (11.7s+0.0s)
   [cross_domain_f0_CIDv2_Prototype_FS-B] LightGBM                 PR-AUC=0.9625 ROC=0.9653 R@10FA=0.937 R@fpr1e-3=0.940 (14.1s+0.2s)
   [cross_domain_f0_CIDv2_Prototype_FS-B] CatBoost                 PR-AUC=0.9510 ROC=0.9728 R@10FA=0.764 R@fpr1e-3=0.775 (37.7s+0.0s)
   [cross_domain_f0_CIDv2_Prototype_FS-B] NN:MLP                   PR-AUC=0.9339 ROC=0.9349 R@10FA=0.702 R@fpr1e-3=0.733 (131.0s+0.0s)
   [cross_domain_f0_CIDv2_Prototype_FS-B] NN:CNN1D                 PR-AUC=0.9344 ROC=0.9324 R@10FA=0.676 R@fpr1e-3=0.891 (113.6s+0.2s)
   [cross_domain_f0_CIDv2_Prototype_FS-B] NN:LSTM                  PR-AUC=0.9406 ROC=0.9351 R@10FA=0.329 R@fpr1e-3=0.331 (135.0s+0.2s)
   [cross_domain_f0_CIDv2_Prototype_FS-B] NN:Transformer           PR-AUC=0.9407 ROC=0.9354 R@10FA=0.876 R@fpr1e-3=0.893 (423.1s+0.4s)
   [cross_domain_f0_CIDv2_Prototype_FS-B] Ens:RankAvg-Trees        PR-AUC=0.9602 ROC=0.9629 R@10FA=0.936 R@fpr1e-3=0.936 (114.5s+0.5s)
   [cross_domain_f0_CIDv2_Prototype_FS-B] Ens:Stack-Trees          PR-AUC=0.9604 ROC=0.9636 R@10FA=0.893 R@fpr1e-3=0.910 (446.4s+0.9s)
   [cross_domain_f0_CIDv2_Prototype_FS-B] Ens:RankAvg-Hybrid       PR-AUC=0.9419 ROC=0.9404 R@10FA=0.922 R@fpr1e-3=0.923 (351.3s+0.9s)
[cross_domain_f0_CIDv2_Prototype_FS-B] done in 1952s
