[cross_domain_f0_ROAD_ORNL_FS-B] train=150,000 (pos 75,000) calib=202,303 eval=226,048 (pos 23,767) dim=40
   [cross_domain_f0_ROAD_ORNL_FS-B] Rule:Periodicity         PR-AUC=0.1128 ROC=0.4834 R@10FA=0.000 R@fpr1e-3=0.000 (0.0s+0.1s)
   [cross_domain_f0_ROAD_ORNL_FS-B] Rule:UnseenID            PR-AUC=0.1142 ROC=0.5051 R@10FA=0.010 R@fpr1e-3=0.010 (0.0s+0.1s)
   [cross_domain_f0_ROAD_ORNL_FS-B] Rule:BusLoad             PR-AUC=0.1247 ROC=0.5683 R@10FA=0.000 R@fpr1e-3=0.001 (0.0s+0.1s)
   [cross_domain_f0_ROAD_ORNL_FS-B] Rule:IDEntropy           PR-AUC=0.1286 ROC=0.5501 R@10FA=0.000 R@fpr1e-3=0.000 (0.0s+0.1s)
   [cross_domain_f0_ROAD_ORNL_FS-B] Rule:Hamming             PR-AUC=0.0876 ROC=0.4438 R@10FA=0.000 R@fpr1e-3=0.000 (0.0s+0.1s)
   [cross_domain_f0_ROAD_ORNL_FS-B] Rule:Staleness           PR-AUC=0.1002 ROC=0.4887 R@10FA=0.000 R@fpr1e-3=0.000 (0.0s+0.1s)
   [cross_domain_f0_ROAD_ORNL_FS-B] Rule:Combined            PR-AUC=0.2858 ROC=0.7351 R@10FA=0.000 R@fpr1e-3=0.000 (0.1s+0.1s)
   [cross_domain_f0_ROAD_ORNL_FS-B] Rule:Periodicity@target  PR-AUC=0.1128 ROC=0.4834 R@10FA=0.000 R@fpr1e-3=0.000 (0.0s+0.1s)
   [cross_domain_f0_ROAD_ORNL_FS-B] Rule:UnseenID@target     PR-AUC=0.1142 ROC=0.5051 R@10FA=0.010 R@fpr1e-3=0.010 (0.0s+0.1s)
   [cross_domain_f0_ROAD_ORNL_FS-B] Rule:BusLoad@target      PR-AUC=0.1247 ROC=0.5683 R@10FA=0.000 R@fpr1e-3=0.001 (0.0s+0.0s)
   [cross_domain_f0_ROAD_ORNL_FS-B] Rule:IDEntropy@target    PR-AUC=0.1286 ROC=0.5501 R@10FA=0.000 R@fpr1e-3=0.000 (0.0s+0.1s)
   [cross_domain_f0_ROAD_ORNL_FS-B] Rule:Hamming@target      PR-AUC=0.0876 ROC=0.4438 R@10FA=0.000 R@fpr1e-3=0.000 (0.0s+0.1s)
   [cross_domain_f0_ROAD_ORNL_FS-B] Rule:Staleness@target    PR-AUC=0.1002 ROC=0.4887 R@10FA=0.000 R@fpr1e-3=0.000 (0.0s+0.1s)
   [cross_domain_f0_ROAD_ORNL_FS-B] Rule:Combined@target     PR-AUC=0.1147 ROC=0.5556 R@10FA=0.000 R@fpr1e-3=0.000 (0.2s+0.1s)
   [cross_domain_f0_ROAD_ORNL_FS-B] IForest                  PR-AUC=0.1753 ROC=0.6835 R@10FA=0.000 R@fpr1e-3=0.000 (1.5s+7.7s)
   [cross_domain_f0_ROAD_ORNL_FS-B] IForest@target           PR-AUC=0.1811 ROC=0.6557 R@10FA=0.000 R@fpr1e-3=0.000 (3.4s+9.6s)
   [cross_domain_f0_ROAD_ORNL_FS-B] LogReg                   PR-AUC=0.3380 ROC=0.7492 R@10FA=0.000 R@fpr1e-3=0.000 (3.3s+0.2s)
   [cross_domain_f0_ROAD_ORNL_FS-B] RandomForest             PR-AUC=0.2654 ROC=0.7399 R@10FA=0.001 R@fpr1e-3=0.008 (79.6s+3.7s)
   [cross_domain_f0_ROAD_ORNL_FS-B] ExtraTrees               PR-AUC=0.3930 ROC=0.7702 R@10FA=0.001 R@fpr1e-3=0.005 (29.2s+4.5s)
   [cross_domain_f0_ROAD_ORNL_FS-B] HistGB                   PR-AUC=0.3343 ROC=0.7541 R@10FA=0.010 R@fpr1e-3=0.018 (26.0s+4.9s)
   [cross_domain_f0_ROAD_ORNL_FS-B] XGBoost                  PR-AUC=0.3118 ROC=0.7526 R@10FA=0.006 R@fpr1e-3=0.015 (8.4s+1.5s)
   [cross_domain_f0_ROAD_ORNL_FS-B] LightGBM                 PR-AUC=0.3295 ROC=0.7603 R@10FA=0.005 R@fpr1e-3=0.022 (10.2s+7.6s)
   [cross_domain_f0_ROAD_ORNL_FS-B] CatBoost                 PR-AUC=0.2843 ROC=0.7446 R@10FA=0.003 R@fpr1e-3=0.010 (20.3s+0.2s)
   [cross_domain_f0_ROAD_ORNL_FS-B] NN:MLP                   PR-AUC=0.2519 ROC=0.7017 R@10FA=0.010 R@fpr1e-3=0.010 (41.5s+0.4s)
   [cross_domain_f0_ROAD_ORNL_FS-B] NN:CNN1D                 PR-AUC=0.4207 ROC=0.7673 R@10FA=0.000 R@fpr1e-3=0.000 (65.5s+6.9s)
   [cross_domain_f0_ROAD_ORNL_FS-B] NN:LSTM                  PR-AUC=0.5036 ROC=0.7889 R@10FA=0.000 R@fpr1e-3=0.034 (94.3s+5.6s)
   [cross_domain_f0_ROAD_ORNL_FS-B] NN:Transformer           PR-AUC=0.5962 ROC=0.8112 R@10FA=0.034 R@fpr1e-3=0.159 (291.9s+12.5s)
   [cross_domain_f0_ROAD_ORNL_FS-B] Ens:RankAvg-Trees        PR-AUC=0.3182 ROC=0.7540 R@10FA=0.006 R@fpr1e-3=0.017 (113.2s+13.9s)
   [cross_domain_f0_ROAD_ORNL_FS-B] Ens:Stack-Trees          PR-AUC=0.3247 ROC=0.7608 R@10FA=0.001 R@fpr1e-3=0.011 (394.7s+16.7s)
   [cross_domain_f0_ROAD_ORNL_FS-B] Ens:RankAvg-Hybrid       PR-AUC=0.4075 ROC=0.7661 R@10FA=0.002 R@fpr1e-3=0.004 (191.4s+17.9s)
[cross_domain_f0_ROAD_ORNL_FS-B] done in 1504s
