[cross_domain_f0_CIDv2_OpelAstra_FS-B] train=150,000 (pos 75,000) calib=58,526 eval=59,474 (pos 952) dim=40
   [cross_domain_f0_CIDv2_OpelAstra_FS-B] Rule:Periodicity         PR-AUC=0.0147 ROC=0.1734 R@10FA=0.002 R@fpr1e-3=0.002 (0.0s+0.0s)
   [cross_domain_f0_CIDv2_OpelAstra_FS-B] Rule:UnseenID            PR-AUC=0.6837 ROC=0.8393 R@10FA=0.679 R@fpr1e-3=0.679 (0.0s+0.0s)
   [cross_domain_f0_CIDv2_OpelAstra_FS-B] Rule:BusLoad             PR-AUC=0.6715 ROC=0.8129 R@10FA=0.657 R@fpr1e-3=0.657 (0.0s+0.0s)
   [cross_domain_f0_CIDv2_OpelAstra_FS-B] Rule:IDEntropy           PR-AUC=0.6839 ROC=0.8503 R@10FA=0.659 R@fpr1e-3=0.660 (0.0s+0.0s)
   [cross_domain_f0_CIDv2_OpelAstra_FS-B] Rule:Hamming             PR-AUC=0.0132 ROC=0.2266 R@10FA=0.000 R@fpr1e-3=0.000 (0.0s+0.0s)
   [cross_domain_f0_CIDv2_OpelAstra_FS-B] Rule:Staleness           PR-AUC=0.9708 ROC=0.9841 R@10FA=0.967 R@fpr1e-3=0.968 (0.0s+0.0s)
   [cross_domain_f0_CIDv2_OpelAstra_FS-B] Rule:Combined            PR-AUC=0.8304 ROC=0.9951 R@10FA=0.665 R@fpr1e-3=0.665 (0.1s+0.0s)
   [cross_domain_f0_CIDv2_OpelAstra_FS-B] Rule:Periodicity@target  PR-AUC=0.0147 ROC=0.1734 R@10FA=0.002 R@fpr1e-3=0.002 (0.0s+0.0s)
   [cross_domain_f0_CIDv2_OpelAstra_FS-B] Rule:UnseenID@target     PR-AUC=0.6837 ROC=0.8393 R@10FA=0.679 R@fpr1e-3=0.679 (0.0s+0.0s)
   [cross_domain_f0_CIDv2_OpelAstra_FS-B] Rule:BusLoad@target      PR-AUC=0.6715 ROC=0.8129 R@10FA=0.657 R@fpr1e-3=0.657 (0.0s+0.0s)
   [cross_domain_f0_CIDv2_OpelAstra_FS-B] Rule:IDEntropy@target    PR-AUC=0.6839 ROC=0.8503 R@10FA=0.659 R@fpr1e-3=0.660 (0.0s+0.0s)
   [cross_domain_f0_CIDv2_OpelAstra_FS-B] Rule:Hamming@target      PR-AUC=0.0132 ROC=0.2266 R@10FA=0.000 R@fpr1e-3=0.000 (0.0s+0.0s)
   [cross_domain_f0_CIDv2_OpelAstra_FS-B] Rule:Staleness@target    PR-AUC=0.9708 ROC=0.9841 R@10FA=0.967 R@fpr1e-3=0.968 (0.0s+0.0s)
   [cross_domain_f0_CIDv2_OpelAstra_FS-B] Rule:Combined@target     PR-AUC=0.8049 ROC=0.9931 R@10FA=0.661 R@fpr1e-3=0.665 (0.0s+0.0s)
   [cross_domain_f0_CIDv2_OpelAstra_FS-B] IForest                  PR-AUC=0.8229 ROC=0.9792 R@10FA=0.659 R@fpr1e-3=0.679 (1.3s+2.0s)
   [cross_domain_f0_CIDv2_OpelAstra_FS-B] IForest@target           PR-AUC=0.7058 ROC=0.9505 R@10FA=0.657 R@fpr1e-3=0.662 (1.4s+2.8s)
   [cross_domain_f0_CIDv2_OpelAstra_FS-B] LogReg                   PR-AUC=0.7134 ROC=0.8959 R@10FA=0.687 R@fpr1e-3=0.687 (4.8s+0.1s)
   [cross_domain_f0_CIDv2_OpelAstra_FS-B] RandomForest             PR-AUC=0.8171 ROC=0.9908 R@10FA=0.661 R@fpr1e-3=0.670 (96.4s+1.3s)
   [cross_domain_f0_CIDv2_OpelAstra_FS-B] ExtraTrees               PR-AUC=0.6994 ROC=0.9128 R@10FA=0.660 R@fpr1e-3=0.662 (33.3s+1.7s)
   [cross_domain_f0_CIDv2_OpelAstra_FS-B] HistGB                   PR-AUC=0.9227 ROC=0.9968 R@10FA=0.682 R@fpr1e-3=0.685 (46.7s+3.3s)
   [cross_domain_f0_CIDv2_OpelAstra_FS-B] XGBoost                  PR-AUC=0.8998 ROC=0.9948 R@10FA=0.674 R@fpr1e-3=0.685 (18.1s+0.5s)
   [cross_domain_f0_CIDv2_OpelAstra_FS-B] LightGBM                 PR-AUC=0.9086 ROC=0.9963 R@10FA=0.676 R@fpr1e-3=0.683 (30.9s+1.8s)
   [cross_domain_f0_CIDv2_OpelAstra_FS-B] CatBoost                 PR-AUC=0.7697 ROC=0.9851 R@10FA=0.671 R@fpr1e-3=0.682 (33.3s+0.1s)
   [cross_domain_f0_CIDv2_OpelAstra_FS-B] NN:MLP                   PR-AUC=0.7877 ROC=0.9899 R@10FA=0.662 R@fpr1e-3=0.666 (117.9s+0.1s)
   [cross_domain_f0_CIDv2_OpelAstra_FS-B] NN:CNN1D                 PR-AUC=0.7877 ROC=0.9688 R@10FA=0.657 R@fpr1e-3=0.681 (112.7s+2.0s)
   [cross_domain_f0_CIDv2_OpelAstra_FS-B] NN:LSTM                  PR-AUC=0.7000 ROC=0.9126 R@10FA=0.659 R@fpr1e-3=0.668 (183.8s+2.0s)
   [cross_domain_f0_CIDv2_OpelAstra_FS-B] NN:Transformer           PR-AUC=0.7380 ROC=0.9448 R@10FA=0.661 R@fpr1e-3=0.676 (533.3s+4.1s)
   [cross_domain_f0_CIDv2_OpelAstra_FS-B] Ens:RankAvg-Trees        PR-AUC=0.8956 ROC=0.9954 R@10FA=0.673 R@fpr1e-3=0.682 (181.8s+3.6s)
   [cross_domain_f0_CIDv2_OpelAstra_FS-B] Ens:Stack-Trees          PR-AUC=0.8479 ROC=0.9939 R@10FA=0.660 R@fpr1e-3=0.663 (535.1s+5.7s)
   [cross_domain_f0_CIDv2_OpelAstra_FS-B] Ens:RankAvg-Hybrid       PR-AUC=0.8752 ROC=0.9961 R@10FA=0.669 R@fpr1e-3=0.680 (399.5s+5.6s)
[cross_domain_f0_CIDv2_OpelAstra_FS-B] done in 2374s
