[cross_domain_f0_CIDv2_RenaultClio_FS-B] train=150,000 (pos 75,000) calib=8,224 eval=9,085 (pos 864) dim=40
   [cross_domain_f0_CIDv2_RenaultClio_FS-B] Rule:Periodicity         PR-AUC=0.0799 ROC=0.1497 R@10FA=0.000 R@fpr1e-3=0.002 (0.0s+0.0s)
   [cross_domain_f0_CIDv2_RenaultClio_FS-B] Rule:UnseenID            PR-AUC=0.7717 ROC=0.8738 R@10FA=0.748 R@fpr1e-3=0.748 (0.0s+0.0s)
   [cross_domain_f0_CIDv2_RenaultClio_FS-B] Rule:BusLoad             PR-AUC=0.7673 ROC=0.8268 R@10FA=0.726 R@fpr1e-3=0.726 (0.0s+0.0s)
   [cross_domain_f0_CIDv2_RenaultClio_FS-B] Rule:IDEntropy           PR-AUC=0.7809 ROC=0.8811 R@10FA=0.725 R@fpr1e-3=0.725 (0.0s+0.0s)
   [cross_domain_f0_CIDv2_RenaultClio_FS-B] Rule:Hamming             PR-AUC=0.0899 ROC=0.1970 R@10FA=0.000 R@fpr1e-3=0.000 (0.0s+0.0s)
   [cross_domain_f0_CIDv2_RenaultClio_FS-B] Rule:Staleness           PR-AUC=0.9758 ROC=0.9828 R@10FA=0.846 R@fpr1e-3=0.966 (0.0s+0.0s)
   [cross_domain_f0_CIDv2_RenaultClio_FS-B] Rule:Combined            PR-AUC=0.8871 ROC=0.9831 R@10FA=0.726 R@fpr1e-3=0.726 (0.1s+0.0s)
   [cross_domain_f0_CIDv2_RenaultClio_FS-B] Rule:Periodicity@target  PR-AUC=0.0799 ROC=0.1497 R@10FA=0.000 R@fpr1e-3=0.002 (0.0s+0.0s)
   [cross_domain_f0_CIDv2_RenaultClio_FS-B] Rule:UnseenID@target     PR-AUC=0.7717 ROC=0.8738 R@10FA=0.748 R@fpr1e-3=0.748 (0.0s+0.0s)
   [cross_domain_f0_CIDv2_RenaultClio_FS-B] Rule:BusLoad@target      PR-AUC=0.7673 ROC=0.8268 R@10FA=0.726 R@fpr1e-3=0.726 (0.0s+0.0s)
   [cross_domain_f0_CIDv2_RenaultClio_FS-B] Rule:IDEntropy@target    PR-AUC=0.7809 ROC=0.8811 R@10FA=0.725 R@fpr1e-3=0.725 (0.0s+0.0s)
   [cross_domain_f0_CIDv2_RenaultClio_FS-B] Rule:Hamming@target      PR-AUC=0.0899 ROC=0.1970 R@10FA=0.000 R@fpr1e-3=0.000 (0.0s+0.0s)
   [cross_domain_f0_CIDv2_RenaultClio_FS-B] Rule:Staleness@target    PR-AUC=0.9758 ROC=0.9828 R@10FA=0.846 R@fpr1e-3=0.966 (0.0s+0.0s)
   [cross_domain_f0_CIDv2_RenaultClio_FS-B] Rule:Combined@target     PR-AUC=0.8992 ROC=0.9849 R@10FA=0.723 R@fpr1e-3=0.723 (0.0s+0.0s)
   [cross_domain_f0_CIDv2_RenaultClio_FS-B] IForest                  PR-AUC=0.8381 ROC=0.9440 R@10FA=0.720 R@fpr1e-3=0.725 (1.6s+0.4s)
   [cross_domain_f0_CIDv2_RenaultClio_FS-B] IForest@target           PR-AUC=0.8708 ROC=0.9653 R@10FA=0.001 R@fpr1e-3=0.726 (0.7s+0.4s)
   [cross_domain_f0_CIDv2_RenaultClio_FS-B] LogReg                   PR-AUC=0.7819 ROC=0.8245 R@10FA=0.729 R@fpr1e-3=0.730 (4.6s+0.0s)
   [cross_domain_f0_CIDv2_RenaultClio_FS-B] RandomForest             PR-AUC=0.8816 ROC=0.9789 R@10FA=0.723 R@fpr1e-3=0.728 (79.0s+0.4s)
   [cross_domain_f0_CIDv2_RenaultClio_FS-B] ExtraTrees               PR-AUC=0.8315 ROC=0.9496 R@10FA=0.723 R@fpr1e-3=0.726 (32.5s+0.4s)
   [cross_domain_f0_CIDv2_RenaultClio_FS-B] HistGB                   PR-AUC=0.8847 ROC=0.9792 R@10FA=0.736 R@fpr1e-3=0.749 (41.6s+0.7s)
   [cross_domain_f0_CIDv2_RenaultClio_FS-B] XGBoost                  PR-AUC=0.8682 ROC=0.9710 R@10FA=0.726 R@fpr1e-3=0.729 (13.1s+0.1s)
   [cross_domain_f0_CIDv2_RenaultClio_FS-B] LightGBM                 PR-AUC=0.9006 ROC=0.9837 R@10FA=0.729 R@fpr1e-3=0.734 (27.6s+0.2s)
   [cross_domain_f0_CIDv2_RenaultClio_FS-B] CatBoost                 PR-AUC=0.8634 ROC=0.9675 R@10FA=0.722 R@fpr1e-3=0.722 (32.7s+0.0s)
   [cross_domain_f0_CIDv2_RenaultClio_FS-B] NN:MLP                   PR-AUC=0.7964 ROC=0.9694 R@10FA=0.015 R@fpr1e-3=0.016 (139.8s+0.1s)
   [cross_domain_f0_CIDv2_RenaultClio_FS-B] NN:CNN1D                 PR-AUC=0.8140 ROC=0.9302 R@10FA=0.000 R@fpr1e-3=0.727 (180.2s+0.3s)
   [cross_domain_f0_CIDv2_RenaultClio_FS-B] NN:LSTM                  PR-AUC=0.7616 ROC=0.7881 R@10FA=0.700 R@fpr1e-3=0.729 (234.3s+0.6s)
   [cross_domain_f0_CIDv2_RenaultClio_FS-B] NN:Transformer           PR-AUC=0.7897 ROC=0.9002 R@10FA=0.001 R@fpr1e-3=0.730 (552.5s+0.5s)
   [cross_domain_f0_CIDv2_RenaultClio_FS-B] Ens:RankAvg-Trees        PR-AUC=0.8842 ROC=0.9791 R@10FA=0.728 R@fpr1e-3=0.730 (150.1s+1.1s)
   [cross_domain_f0_CIDv2_RenaultClio_FS-B] Ens:Stack-Trees          PR-AUC=0.8617 ROC=0.9698 R@10FA=0.723 R@fpr1e-3=0.726 (535.6s+1.2s)
   [cross_domain_f0_CIDv2_RenaultClio_FS-B] Ens:RankAvg-Hybrid       PR-AUC=0.8912 ROC=0.9820 R@10FA=0.725 R@fpr1e-3=0.726 (292.9s+1.0s)
[cross_domain_f0_CIDv2_RenaultClio_FS-B] done in 2329s
