[cross_domain_f0_CTT_Traverse_FS-B] train=150,000 (pos 75,000) calib=99,363 eval=123,099 (pos 23,756) dim=40
   [cross_domain_f0_CTT_Traverse_FS-B] Rule:Periodicity         PR-AUC=0.8112 ROC=0.8519 R@10FA=0.000 R@fpr1e-3=0.673 (0.0s+0.1s)
   [cross_domain_f0_CTT_Traverse_FS-B] Rule:UnseenID            PR-AUC=0.5712 ROC=0.7343 R@10FA=0.469 R@fpr1e-3=0.469 (0.0s+0.0s)
   [cross_domain_f0_CTT_Traverse_FS-B] Rule:BusLoad             PR-AUC=0.7213 ROC=0.8223 R@10FA=0.302 R@fpr1e-3=0.398 (0.0s+0.0s)
   [cross_domain_f0_CTT_Traverse_FS-B] Rule:IDEntropy           PR-AUC=0.2802 ROC=0.3978 R@10FA=0.000 R@fpr1e-3=0.089 (0.0s+0.1s)
   [cross_domain_f0_CTT_Traverse_FS-B] Rule:Hamming             PR-AUC=0.5668 ROC=0.6929 R@10FA=0.302 R@fpr1e-3=0.318 (0.0s+0.0s)
   [cross_domain_f0_CTT_Traverse_FS-B] Rule:Staleness           PR-AUC=0.1881 ROC=0.4902 R@10FA=0.000 R@fpr1e-3=0.000 (0.0s+0.0s)
   [cross_domain_f0_CTT_Traverse_FS-B] Rule:Combined            PR-AUC=0.8560 ROC=0.9297 R@10FA=0.602 R@fpr1e-3=0.602 (0.1s+0.1s)
   [cross_domain_f0_CTT_Traverse_FS-B] Rule:Periodicity@target  PR-AUC=0.8112 ROC=0.8519 R@10FA=0.000 R@fpr1e-3=0.673 (0.0s+0.0s)
   [cross_domain_f0_CTT_Traverse_FS-B] Rule:UnseenID@target     PR-AUC=0.5712 ROC=0.7343 R@10FA=0.469 R@fpr1e-3=0.469 (0.0s+0.0s)
   [cross_domain_f0_CTT_Traverse_FS-B] Rule:BusLoad@target      PR-AUC=0.7213 ROC=0.8223 R@10FA=0.302 R@fpr1e-3=0.398 (0.0s+0.0s)
   [cross_domain_f0_CTT_Traverse_FS-B] Rule:IDEntropy@target    PR-AUC=0.2802 ROC=0.3978 R@10FA=0.000 R@fpr1e-3=0.089 (0.0s+0.0s)
   [cross_domain_f0_CTT_Traverse_FS-B] Rule:Hamming@target      PR-AUC=0.5668 ROC=0.6929 R@10FA=0.302 R@fpr1e-3=0.318 (0.0s+0.0s)
   [cross_domain_f0_CTT_Traverse_FS-B] Rule:Staleness@target    PR-AUC=0.1881 ROC=0.4902 R@10FA=0.000 R@fpr1e-3=0.000 (0.0s+0.0s)
   [cross_domain_f0_CTT_Traverse_FS-B] Rule:Combined@target     PR-AUC=0.9992 ROC=0.9996 R@10FA=0.858 R@fpr1e-3=0.998 (0.1s+0.1s)
   [cross_domain_f0_CTT_Traverse_FS-B] IForest                  PR-AUC=0.9063 ROC=0.9597 R@10FA=0.000 R@fpr1e-3=0.567 (1.8s+4.7s)
   [cross_domain_f0_CTT_Traverse_FS-B] IForest@target           PR-AUC=0.9323 ROC=0.9678 R@10FA=0.000 R@fpr1e-3=0.585 (2.0s+5.4s)
   [cross_domain_f0_CTT_Traverse_FS-B] LogReg                   PR-AUC=0.9668 ROC=0.9823 R@10FA=0.743 R@fpr1e-3=0.865 (3.9s+0.1s)
   [cross_domain_f0_CTT_Traverse_FS-B] RandomForest             PR-AUC=0.9993 ROC=0.9995 R@10FA=0.907 R@fpr1e-3=0.998 (82.5s+2.8s)
   [cross_domain_f0_CTT_Traverse_FS-B] ExtraTrees               PR-AUC=0.9991 ROC=0.9994 R@10FA=0.854 R@fpr1e-3=0.996 (32.9s+2.9s)
   [cross_domain_f0_CTT_Traverse_FS-B] HistGB                   PR-AUC=0.9996 ROC=0.9998 R@10FA=0.915 R@fpr1e-3=0.991 (74.9s+9.2s)
   [cross_domain_f0_CTT_Traverse_FS-B] XGBoost                  PR-AUC=0.9994 ROC=0.9997 R@10FA=0.908 R@fpr1e-3=0.982 (34.1s+1.1s)
   [cross_domain_f0_CTT_Traverse_FS-B] LightGBM                 PR-AUC=0.9996 ROC=0.9998 R@10FA=0.912 R@fpr1e-3=0.997 (101.7s+3.5s)
   [cross_domain_f0_CTT_Traverse_FS-B] CatBoost                 PR-AUC=0.9994 ROC=0.9997 R@10FA=0.940 R@fpr1e-3=0.998 (38.7s+0.1s)
   [cross_domain_f0_CTT_Traverse_FS-B] NN:MLP                   PR-AUC=0.9987 ROC=0.9993 R@10FA=0.891 R@fpr1e-3=0.972 (163.6s+0.4s)
   [cross_domain_f0_CTT_Traverse_FS-B] NN:CNN1D                 PR-AUC=0.9972 ROC=0.9987 R@10FA=0.540 R@fpr1e-3=0.776 (164.9s+4.0s)
   [cross_domain_f0_CTT_Traverse_FS-B] NN:LSTM                  PR-AUC=0.9967 ROC=0.9983 R@10FA=0.353 R@fpr1e-3=0.851 (185.7s+3.8s)
   [cross_domain_f0_CTT_Traverse_FS-B] NN:Transformer           PR-AUC=0.9972 ROC=0.9987 R@10FA=0.689 R@fpr1e-3=0.897 (563.4s+6.6s)
   [cross_domain_f0_CTT_Traverse_FS-B] Ens:RankAvg-Trees        PR-AUC=0.9995 ROC=0.9997 R@10FA=0.919 R@fpr1e-3=0.997 (132.6s+7.2s)
   [cross_domain_f0_CTT_Traverse_FS-B] Ens:Stack-Trees          PR-AUC=0.9992 ROC=0.9995 R@10FA=0.874 R@fpr1e-3=0.998 (437.7s+9.1s)
   [cross_domain_f0_CTT_Traverse_FS-B] Ens:RankAvg-Hybrid       PR-AUC=0.9995 ROC=0.9997 R@10FA=0.952 R@fpr1e-3=0.996 (280.1s+9.5s)
[cross_domain_f0_CTT_Traverse_FS-B] done in 2383s
