[cross_domain_f0_CTT_Silverado_FS-B] train=150,000 (pos 75,000) calib=96,923 eval=118,722 (pos 21,816) dim=40
   [cross_domain_f0_CTT_Silverado_FS-B] Rule:Periodicity         PR-AUC=0.8603 ROC=0.8955 R@10FA=0.547 R@fpr1e-3=0.736 (0.0s+0.0s)
   [cross_domain_f0_CTT_Silverado_FS-B] Rule:UnseenID            PR-AUC=0.4281 ROC=0.6497 R@10FA=0.299 R@fpr1e-3=0.299 (0.0s+0.0s)
   [cross_domain_f0_CTT_Silverado_FS-B] Rule:BusLoad             PR-AUC=0.8265 ROC=0.9059 R@10FA=0.090 R@fpr1e-3=0.324 (0.0s+0.0s)
   [cross_domain_f0_CTT_Silverado_FS-B] Rule:IDEntropy           PR-AUC=0.6879 ROC=0.7082 R@10FA=0.554 R@fpr1e-3=0.568 (0.0s+0.0s)
   [cross_domain_f0_CTT_Silverado_FS-B] Rule:Hamming             PR-AUC=0.2925 ROC=0.4136 R@10FA=0.078 R@fpr1e-3=0.142 (0.0s+0.0s)
   [cross_domain_f0_CTT_Silverado_FS-B] Rule:Staleness           PR-AUC=0.1818 ROC=0.4873 R@10FA=0.000 R@fpr1e-3=0.001 (0.0s+0.0s)
   [cross_domain_f0_CTT_Silverado_FS-B] Rule:Combined            PR-AUC=0.9921 ROC=0.9983 R@10FA=0.920 R@fpr1e-3=0.920 (0.1s+0.1s)
   [cross_domain_f0_CTT_Silverado_FS-B] Rule:Periodicity@target  PR-AUC=0.8603 ROC=0.8955 R@10FA=0.547 R@fpr1e-3=0.736 (0.0s+0.0s)
   [cross_domain_f0_CTT_Silverado_FS-B] Rule:UnseenID@target     PR-AUC=0.4281 ROC=0.6497 R@10FA=0.299 R@fpr1e-3=0.299 (0.0s+0.0s)
   [cross_domain_f0_CTT_Silverado_FS-B] Rule:BusLoad@target      PR-AUC=0.8265 ROC=0.9059 R@10FA=0.090 R@fpr1e-3=0.324 (0.0s+0.0s)
   [cross_domain_f0_CTT_Silverado_FS-B] Rule:IDEntropy@target    PR-AUC=0.6879 ROC=0.7082 R@10FA=0.554 R@fpr1e-3=0.568 (0.0s+0.0s)
   [cross_domain_f0_CTT_Silverado_FS-B] Rule:Hamming@target      PR-AUC=0.2925 ROC=0.4136 R@10FA=0.078 R@fpr1e-3=0.142 (0.0s+0.0s)
   [cross_domain_f0_CTT_Silverado_FS-B] Rule:Staleness@target    PR-AUC=0.1818 ROC=0.4873 R@10FA=0.000 R@fpr1e-3=0.001 (0.0s+0.0s)
   [cross_domain_f0_CTT_Silverado_FS-B] Rule:Combined@target     PR-AUC=0.9919 ROC=0.9985 R@10FA=0.920 R@fpr1e-3=0.920 (0.1s+0.1s)
   [cross_domain_f0_CTT_Silverado_FS-B] IForest                  PR-AUC=0.9334 ROC=0.9742 R@10FA=0.457 R@fpr1e-3=0.735 (1.7s+4.0s)
   [cross_domain_f0_CTT_Silverado_FS-B] IForest@target           PR-AUC=0.9613 ROC=0.9769 R@10FA=0.705 R@fpr1e-3=0.808 (1.8s+4.8s)
   [cross_domain_f0_CTT_Silverado_FS-B] LogReg                   PR-AUC=0.9901 ROC=0.9917 R@10FA=0.740 R@fpr1e-3=0.923 (4.1s+0.1s)
   [cross_domain_f0_CTT_Silverado_FS-B] RandomForest             PR-AUC=0.9964 ROC=0.9982 R@10FA=0.814 R@fpr1e-3=0.922 (84.9s+2.3s)
   [cross_domain_f0_CTT_Silverado_FS-B] ExtraTrees               PR-AUC=0.9963 ROC=0.9979 R@10FA=0.843 R@fpr1e-3=0.954 (34.2s+2.5s)
   [cross_domain_f0_CTT_Silverado_FS-B] HistGB                   PR-AUC=0.9947 ROC=0.9956 R@10FA=0.925 R@fpr1e-3=0.972 (37.5s+4.0s)
   [cross_domain_f0_CTT_Silverado_FS-B] XGBoost                  PR-AUC=0.9947 ROC=0.9968 R@10FA=0.880 R@fpr1e-3=0.946 (11.1s+0.8s)
   [cross_domain_f0_CTT_Silverado_FS-B] LightGBM                 PR-AUC=0.9954 ROC=0.9967 R@10FA=0.885 R@fpr1e-3=0.971 (25.8s+2.9s)
   [cross_domain_f0_CTT_Silverado_FS-B] CatBoost                 PR-AUC=0.9958 ROC=0.9972 R@10FA=0.848 R@fpr1e-3=0.965 (28.1s+0.1s)
   [cross_domain_f0_CTT_Silverado_FS-B] NN:MLP                   PR-AUC=0.9785 ROC=0.9851 R@10FA=0.807 R@fpr1e-3=0.840 (74.5s+0.3s)
   [cross_domain_f0_CTT_Silverado_FS-B] NN:CNN1D                 PR-AUC=0.9750 ROC=0.9898 R@10FA=0.000 R@fpr1e-3=0.850 (98.0s+3.9s)
   [cross_domain_f0_CTT_Silverado_FS-B] NN:LSTM                  PR-AUC=0.9705 ROC=0.9809 R@10FA=0.682 R@fpr1e-3=0.841 (135.5s+4.7s)
   [cross_domain_f0_CTT_Silverado_FS-B] NN:Transformer           PR-AUC=0.9708 ROC=0.9802 R@10FA=0.761 R@fpr1e-3=0.858 (668.3s+6.8s)
   [cross_domain_f0_CTT_Silverado_FS-B] Ens:RankAvg-Trees        PR-AUC=0.9959 ROC=0.9974 R@10FA=0.889 R@fpr1e-3=0.958 (175.9s+6.3s)
   [cross_domain_f0_CTT_Silverado_FS-B] Ens:Stack-Trees          PR-AUC=0.9965 ROC=0.9978 R@10FA=0.854 R@fpr1e-3=0.968 (473.1s+8.4s)
   [cross_domain_f0_CTT_Silverado_FS-B] Ens:RankAvg-Hybrid       PR-AUC=0.9949 ROC=0.9965 R@10FA=0.897 R@fpr1e-3=0.971 (344.7s+10.9s)
[cross_domain_f0_CTT_Silverado_FS-B] done in 2272s
