[cross_domain_f0_CTT_Impala_FS-B] train=150,000 (pos 75,000) calib=85,805 eval=98,401 (pos 12,610) dim=40
   [cross_domain_f0_CTT_Impala_FS-B] Rule:Periodicity         PR-AUC=0.8014 ROC=0.8602 R@10FA=0.708 R@fpr1e-3=0.729 (0.0s+0.0s)
   [cross_domain_f0_CTT_Impala_FS-B] Rule:UnseenID            PR-AUC=0.3689 ROC=0.6381 R@10FA=0.276 R@fpr1e-3=0.276 (0.0s+0.0s)
   [cross_domain_f0_CTT_Impala_FS-B] Rule:BusLoad             PR-AUC=0.5615 ROC=0.7761 R@10FA=0.240 R@fpr1e-3=0.251 (0.0s+0.0s)
   [cross_domain_f0_CTT_Impala_FS-B] Rule:IDEntropy           PR-AUC=0.4642 ROC=0.6395 R@10FA=0.282 R@fpr1e-3=0.309 (0.0s+0.0s)
   [cross_domain_f0_CTT_Impala_FS-B] Rule:Hamming             PR-AUC=0.2028 ROC=0.5318 R@10FA=0.004 R@fpr1e-3=0.014 (0.0s+0.0s)
   [cross_domain_f0_CTT_Impala_FS-B] Rule:Staleness           PR-AUC=0.1166 ROC=0.4654 R@10FA=0.000 R@fpr1e-3=0.000 (0.0s+0.0s)
   [cross_domain_f0_CTT_Impala_FS-B] Rule:Combined            PR-AUC=0.9991 ROC=0.9997 R@10FA=0.680 R@fpr1e-3=1.000 (0.1s+0.1s)
   [cross_domain_f0_CTT_Impala_FS-B] Rule:Periodicity@target  PR-AUC=0.8014 ROC=0.8602 R@10FA=0.708 R@fpr1e-3=0.729 (0.0s+0.0s)
   [cross_domain_f0_CTT_Impala_FS-B] Rule:UnseenID@target     PR-AUC=0.3689 ROC=0.6381 R@10FA=0.276 R@fpr1e-3=0.276 (0.0s+0.0s)
   [cross_domain_f0_CTT_Impala_FS-B] Rule:BusLoad@target      PR-AUC=0.5615 ROC=0.7761 R@10FA=0.240 R@fpr1e-3=0.251 (0.0s+0.0s)
   [cross_domain_f0_CTT_Impala_FS-B] Rule:IDEntropy@target    PR-AUC=0.4642 ROC=0.6395 R@10FA=0.282 R@fpr1e-3=0.309 (0.0s+0.0s)
   [cross_domain_f0_CTT_Impala_FS-B] Rule:Hamming@target      PR-AUC=0.2028 ROC=0.5318 R@10FA=0.004 R@fpr1e-3=0.014 (0.0s+0.0s)
   [cross_domain_f0_CTT_Impala_FS-B] Rule:Staleness@target    PR-AUC=0.1166 ROC=0.4654 R@10FA=0.000 R@fpr1e-3=0.000 (0.0s+0.0s)
   [cross_domain_f0_CTT_Impala_FS-B] Rule:Combined@target     PR-AUC=0.8044 ROC=0.9630 R@10FA=0.680 R@fpr1e-3=0.680 (0.1s+0.1s)
   [cross_domain_f0_CTT_Impala_FS-B] IForest                  PR-AUC=0.6918 ROC=0.8571 R@10FA=0.431 R@fpr1e-3=0.468 (1.5s+3.3s)
   [cross_domain_f0_CTT_Impala_FS-B] IForest@target           PR-AUC=0.8076 ROC=0.8994 R@10FA=0.349 R@fpr1e-3=0.429 (1.6s+3.8s)
   [cross_domain_f0_CTT_Impala_FS-B] LogReg                   PR-AUC=0.9609 ROC=0.9885 R@10FA=0.766 R@fpr1e-3=0.816 (4.4s+0.1s)
   [cross_domain_f0_CTT_Impala_FS-B] RandomForest             PR-AUC=0.9998 ROC=0.9999 R@10FA=0.969 R@fpr1e-3=1.000 (77.5s+1.9s)
   [cross_domain_f0_CTT_Impala_FS-B] ExtraTrees               PR-AUC=0.9994 ROC=0.9999 R@10FA=0.897 R@fpr1e-3=0.987 (34.8s+2.3s)
   [cross_domain_f0_CTT_Impala_FS-B] HistGB                   PR-AUC=0.9977 ROC=0.9996 R@10FA=0.894 R@fpr1e-3=0.964 (48.6s+4.5s)
   [cross_domain_f0_CTT_Impala_FS-B] XGBoost                  PR-AUC=0.9990 ROC=0.9998 R@10FA=0.908 R@fpr1e-3=0.974 (13.5s+0.7s)
   [cross_domain_f0_CTT_Impala_FS-B] LightGBM                 PR-AUC=0.9959 ROC=0.9990 R@10FA=0.893 R@fpr1e-3=0.957 (25.2s+2.4s)
   [cross_domain_f0_CTT_Impala_FS-B] CatBoost                 PR-AUC=0.9998 ROC=0.9999 R@10FA=0.993 R@fpr1e-3=0.999 (31.6s+0.1s)
   [cross_domain_f0_CTT_Impala_FS-B] NN:MLP                   PR-AUC=0.9699 ROC=0.9853 R@10FA=0.920 R@fpr1e-3=0.933 (64.2s+0.2s)
   [cross_domain_f0_CTT_Impala_FS-B] NN:CNN1D                 PR-AUC=0.9070 ROC=0.9197 R@10FA=0.000 R@fpr1e-3=0.426 (119.9s+3.7s)
   [cross_domain_f0_CTT_Impala_FS-B] NN:LSTM                  PR-AUC=0.6961 ROC=0.8025 R@10FA=0.275 R@fpr1e-3=0.491 (256.9s+2.7s)
   [cross_domain_f0_CTT_Impala_FS-B] NN:Transformer           PR-AUC=0.9371 ROC=0.9439 R@10FA=0.415 R@fpr1e-3=0.548 (593.3s+4.6s)
   [cross_domain_f0_CTT_Impala_FS-B] Ens:RankAvg-Trees        PR-AUC=0.9992 ROC=0.9998 R@10FA=0.922 R@fpr1e-3=0.982 (148.3s+5.1s)
   [cross_domain_f0_CTT_Impala_FS-B] Ens:Stack-Trees          PR-AUC=0.9984 ROC=0.9997 R@10FA=0.923 R@fpr1e-3=0.974 (464.7s+7.0s)
   [cross_domain_f0_CTT_Impala_FS-B] Ens:RankAvg-Hybrid       PR-AUC=0.9450 ROC=0.9535 R@10FA=0.909 R@fpr1e-3=0.931 (359.0s+9.1s)
[cross_domain_f0_CTT_Impala_FS-B] done in 2305s
