[in_domain_f1_ROAD_ORNL_FS-B] train=150,000 (pos 11,877) calib=101,141 eval=113,052 (pos 11,890) dim=40
   [in_domain_f1_ROAD_ORNL_FS-B] Rule:Periodicity         PR-AUC=0.0861 ROC=0.4219 R@10FA=0.000 R@fpr1e-3=0.000 (0.0s+0.0s)
   [in_domain_f1_ROAD_ORNL_FS-B] Rule:UnseenID            PR-AUC=0.1143 ROC=0.5051 R@10FA=0.010 R@fpr1e-3=0.010 (0.0s+0.0s)
   [in_domain_f1_ROAD_ORNL_FS-B] Rule:BusLoad             PR-AUC=0.1314 ROC=0.6025 R@10FA=0.000 R@fpr1e-3=0.001 (0.0s+0.0s)
   [in_domain_f1_ROAD_ORNL_FS-B] Rule:IDEntropy           PR-AUC=0.1000 ROC=0.5013 R@10FA=0.001 R@fpr1e-3=0.004 (0.0s+0.0s)
   [in_domain_f1_ROAD_ORNL_FS-B] Rule:Hamming             PR-AUC=0.1332 ROC=0.6582 R@10FA=0.000 R@fpr1e-3=0.001 (0.0s+0.0s)
   [in_domain_f1_ROAD_ORNL_FS-B] Rule:Staleness           PR-AUC=0.0889 ROC=0.4523 R@10FA=0.000 R@fpr1e-3=0.000 (0.0s+0.0s)
   [in_domain_f1_ROAD_ORNL_FS-B] Rule:Combined            PR-AUC=0.0975 ROC=0.4801 R@10FA=0.000 R@fpr1e-3=0.010 (0.1s+0.1s)
   [in_domain_f1_ROAD_ORNL_FS-B] IForest                  PR-AUC=0.1008 ROC=0.5001 R@10FA=0.000 R@fpr1e-3=0.000 (2.2s+4.5s)
   [in_domain_f1_ROAD_ORNL_FS-B] LogReg                   PR-AUC=0.6460 ROC=0.9304 R@10FA=0.182 R@fpr1e-3=0.306 (3.2s+0.1s)
   [in_domain_f1_ROAD_ORNL_FS-B] RandomForest             PR-AUC=0.8195 ROC=0.9585 R@10FA=0.249 R@fpr1e-3=0.389 (69.2s+2.6s)
   [in_domain_f1_ROAD_ORNL_FS-B] ExtraTrees               PR-AUC=0.8210 ROC=0.9595 R@10FA=0.277 R@fpr1e-3=0.436 (32.7s+4.0s)
   [in_domain_f1_ROAD_ORNL_FS-B] HistGB                   PR-AUC=0.8498 ROC=0.9699 R@10FA=0.360 R@fpr1e-3=0.474 (23.5s+4.1s)
   [in_domain_f1_ROAD_ORNL_FS-B] XGBoost                  PR-AUC=0.8575 ROC=0.9712 R@10FA=0.388 R@fpr1e-3=0.482 (7.8s+0.7s)
   [in_domain_f1_ROAD_ORNL_FS-B] LightGBM                 PR-AUC=0.8638 ROC=0.9724 R@10FA=0.365 R@fpr1e-3=0.485 (6.9s+2.9s)
   [in_domain_f1_ROAD_ORNL_FS-B] CatBoost                 PR-AUC=0.8492 ROC=0.9683 R@10FA=0.373 R@fpr1e-3=0.471 (17.3s+0.1s)
   [in_domain_f1_ROAD_ORNL_FS-B] NN:MLP                   PR-AUC=0.8415 ROC=0.9674 R@10FA=0.349 R@fpr1e-3=0.463 (20.6s+0.1s)
   [in_domain_f1_ROAD_ORNL_FS-B] NN:CNN1D                 PR-AUC=0.5174 ROC=0.9479 R@10FA=0.452 R@fpr1e-3=0.575 (40.7s+2.5s)
   [in_domain_f1_ROAD_ORNL_FS-B] NN:LSTM                  PR-AUC=0.8441 ROC=0.9740 R@10FA=0.202 R@fpr1e-3=0.557 (45.7s+2.1s)
   [in_domain_f1_ROAD_ORNL_FS-B] NN:Transformer           PR-AUC=0.8834 ROC=0.9798 R@10FA=0.519 R@fpr1e-3=0.602 (162.7s+4.1s)
   [in_domain_f1_ROAD_ORNL_FS-B] Ens:RankAvg-Trees        PR-AUC=0.8618 ROC=0.9715 R@10FA=0.351 R@fpr1e-3=0.484 (65.9s+5.7s)
   [in_domain_f1_ROAD_ORNL_FS-B] Ens:Stack-Trees          PR-AUC=0.8587 ROC=0.9690 R@10FA=0.362 R@fpr1e-3=0.485 (248.8s+9.0s)
   [in_domain_f1_ROAD_ORNL_FS-B] Ens:RankAvg-Hybrid       PR-AUC=0.8962 ROC=0.9798 R@10FA=0.471 R@fpr1e-3=0.551 (97.1s+6.5s)
[in_domain_f1_ROAD_ORNL_FS-B] done in 897s
