[in_domain_f1_CTT_Traverse_FS-B] train=111,212 (pos 11,869) calib=49,670 eval=61,580 (pos 11,887) dim=40
   [in_domain_f1_CTT_Traverse_FS-B] Rule:Periodicity         PR-AUC=0.8037 ROC=0.8495 R@10FA=0.487 R@fpr1e-3=0.668 (0.0s+0.0s)
   [in_domain_f1_CTT_Traverse_FS-B] Rule:UnseenID            PR-AUC=0.5712 ROC=0.7343 R@10FA=0.469 R@fpr1e-3=0.469 (0.0s+0.0s)
   [in_domain_f1_CTT_Traverse_FS-B] Rule:BusLoad             PR-AUC=0.7258 ROC=0.8238 R@10FA=0.256 R@fpr1e-3=0.400 (0.0s+0.0s)
   [in_domain_f1_CTT_Traverse_FS-B] Rule:IDEntropy           PR-AUC=0.2854 ROC=0.3971 R@10FA=0.078 R@fpr1e-3=0.089 (0.0s+0.0s)
   [in_domain_f1_CTT_Traverse_FS-B] Rule:Hamming             PR-AUC=0.5802 ROC=0.7271 R@10FA=0.258 R@fpr1e-3=0.299 (0.0s+0.0s)
   [in_domain_f1_CTT_Traverse_FS-B] Rule:Staleness           PR-AUC=0.1877 ROC=0.4920 R@10FA=0.006 R@fpr1e-3=0.007 (0.0s+0.0s)
   [in_domain_f1_CTT_Traverse_FS-B] Rule:Combined            PR-AUC=0.9973 ROC=0.9990 R@10FA=0.569 R@fpr1e-3=0.997 (0.1s+0.1s)
   [in_domain_f1_CTT_Traverse_FS-B] IForest                  PR-AUC=0.8668 ROC=0.9377 R@10FA=0.487 R@fpr1e-3=0.565 (2.0s+2.6s)
   [in_domain_f1_CTT_Traverse_FS-B] LogReg                   PR-AUC=0.9640 ROC=0.9954 R@10FA=0.845 R@fpr1e-3=0.997 (0.5s+0.0s)
   [in_domain_f1_CTT_Traverse_FS-B] RandomForest             PR-AUC=0.9991 ROC=0.9994 R@10FA=0.461 R@fpr1e-3=0.998 (44.8s+0.8s)
   [in_domain_f1_CTT_Traverse_FS-B] ExtraTrees               PR-AUC=0.9992 ROC=0.9995 R@10FA=0.636 R@fpr1e-3=0.998 (25.4s+1.2s)
   [in_domain_f1_CTT_Traverse_FS-B] HistGB                   PR-AUC=0.9993 ROC=0.9996 R@10FA=0.376 R@fpr1e-3=0.998 (31.3s+3.3s)
   [in_domain_f1_CTT_Traverse_FS-B] XGBoost                  PR-AUC=0.9992 ROC=0.9994 R@10FA=0.753 R@fpr1e-3=0.998 (17.3s+0.3s)
   [in_domain_f1_CTT_Traverse_FS-B] LightGBM                 PR-AUC=0.9994 ROC=0.9997 R@10FA=0.533 R@fpr1e-3=0.998 (41.1s+2.2s)
   [in_domain_f1_CTT_Traverse_FS-B] CatBoost                 PR-AUC=0.9993 ROC=0.9996 R@10FA=0.780 R@fpr1e-3=0.998 (24.1s+0.1s)
   [in_domain_f1_CTT_Traverse_FS-B] NN:MLP                   PR-AUC=0.9758 ROC=0.9967 R@10FA=0.000 R@fpr1e-3=0.997 (150.5s+0.2s)
   [in_domain_f1_CTT_Traverse_FS-B] NN:CNN1D                 PR-AUC=0.9279 ROC=0.9911 R@10FA=0.000 R@fpr1e-3=0.000 (80.9s+2.3s)
   [in_domain_f1_CTT_Traverse_FS-B] NN:LSTM                  PR-AUC=0.9934 ROC=0.9987 R@10FA=0.698 R@fpr1e-3=0.840 (193.1s+1.7s)
   [in_domain_f1_CTT_Traverse_FS-B] NN:Transformer           PR-AUC=0.9881 ROC=0.9982 R@10FA=0.948 R@fpr1e-3=0.981 (289.1s+3.3s)
   [in_domain_f1_CTT_Traverse_FS-B] Ens:RankAvg-Trees        PR-AUC=0.9993 ROC=0.9996 R@10FA=0.503 R@fpr1e-3=0.998 (61.5s+2.9s)
   [in_domain_f1_CTT_Traverse_FS-B] Ens:Stack-Trees          PR-AUC=0.9993 ROC=0.9995 R@10FA=0.588 R@fpr1e-3=0.998 (226.6s+3.9s)
   [in_domain_f1_CTT_Traverse_FS-B] Ens:RankAvg-Hybrid       PR-AUC=0.9981 ROC=0.9995 R@10FA=0.647 R@fpr1e-3=0.997 (155.4s+4.4s)
[in_domain_f1_CTT_Traverse_FS-B] done in 1377s
