[in_domain_f0_CTT_Impala_FS-B] train=92,116 (pos 6,311) calib=42,904 eval=49,186 (pos 6,299) dim=40
   [in_domain_f0_CTT_Impala_FS-B] Rule:Periodicity         PR-AUC=0.7975 ROC=0.8547 R@10FA=0.722 R@fpr1e-3=0.728 (0.0s+0.0s)
   [in_domain_f0_CTT_Impala_FS-B] Rule:UnseenID            PR-AUC=0.3693 ROC=0.6384 R@10FA=0.277 R@fpr1e-3=0.277 (0.0s+0.0s)
   [in_domain_f0_CTT_Impala_FS-B] Rule:BusLoad             PR-AUC=0.5493 ROC=0.7663 R@10FA=0.245 R@fpr1e-3=0.268 (0.0s+0.0s)
   [in_domain_f0_CTT_Impala_FS-B] Rule:IDEntropy           PR-AUC=0.4639 ROC=0.6490 R@10FA=0.287 R@fpr1e-3=0.309 (0.0s+0.0s)
   [in_domain_f0_CTT_Impala_FS-B] Rule:Hamming             PR-AUC=0.1741 ROC=0.4750 R@10FA=0.007 R@fpr1e-3=0.017 (0.0s+0.0s)
   [in_domain_f0_CTT_Impala_FS-B] Rule:Staleness           PR-AUC=0.1163 ROC=0.4659 R@10FA=0.000 R@fpr1e-3=0.000 (0.0s+0.0s)
   [in_domain_f0_CTT_Impala_FS-B] Rule:Combined            PR-AUC=0.8027 ROC=0.9624 R@10FA=0.680 R@fpr1e-3=0.680 (0.1s+0.0s)
   [in_domain_f0_CTT_Impala_FS-B] IForest                  PR-AUC=0.8068 ROC=0.8952 R@10FA=0.428 R@fpr1e-3=0.531 (1.9s+2.2s)
   [in_domain_f0_CTT_Impala_FS-B] LogReg                   PR-AUC=0.9436 ROC=0.9828 R@10FA=0.863 R@fpr1e-3=0.864 (0.4s+0.0s)
   [in_domain_f0_CTT_Impala_FS-B] RandomForest             PR-AUC=0.9998 ROC=0.9999 R@10FA=1.000 R@fpr1e-3=1.000 (36.2s+0.6s)
   [in_domain_f0_CTT_Impala_FS-B] ExtraTrees               PR-AUC=0.9998 ROC=0.9999 R@10FA=1.000 R@fpr1e-3=1.000 (20.4s+1.1s)
   [in_domain_f0_CTT_Impala_FS-B] HistGB                   PR-AUC=0.9999 ROC=1.0000 R@10FA=1.000 R@fpr1e-3=1.000 (19.3s+1.7s)
   [in_domain_f0_CTT_Impala_FS-B] XGBoost                  PR-AUC=0.9998 ROC=0.9999 R@10FA=1.000 R@fpr1e-3=1.000 (5.7s+0.2s)
   [in_domain_f0_CTT_Impala_FS-B] LightGBM                 PR-AUC=0.9999 ROC=0.9999 R@10FA=1.000 R@fpr1e-3=1.000 (10.1s+1.5s)
   [in_domain_f0_CTT_Impala_FS-B] CatBoost                 PR-AUC=0.9998 ROC=0.9999 R@10FA=1.000 R@fpr1e-3=1.000 (20.1s+0.1s)
   [in_domain_f0_CTT_Impala_FS-B] NN:MLP                   PR-AUC=0.9998 ROC=0.9999 R@10FA=0.974 R@fpr1e-3=0.999 (40.0s+0.1s)
   [in_domain_f0_CTT_Impala_FS-B] NN:CNN1D                 PR-AUC=0.9885 ROC=0.9976 R@10FA=0.864 R@fpr1e-3=0.885 (57.9s+1.5s)
   [in_domain_f0_CTT_Impala_FS-B] NN:LSTM                  PR-AUC=0.9897 ROC=0.9984 R@10FA=0.864 R@fpr1e-3=0.879 (128.7s+1.3s)
   [in_domain_f0_CTT_Impala_FS-B] NN:Transformer           PR-AUC=0.8948 ROC=0.9944 R@10FA=1.000 R@fpr1e-3=1.000 (276.1s+2.9s)
   [in_domain_f0_CTT_Impala_FS-B] Ens:RankAvg-Trees        PR-AUC=0.9998 ROC=0.9999 R@10FA=1.000 R@fpr1e-3=1.000 (51.2s+2.2s)
   [in_domain_f0_CTT_Impala_FS-B] Ens:Stack-Trees          PR-AUC=0.9999 ROC=0.9999 R@10FA=1.000 R@fpr1e-3=1.000 (254.4s+4.5s)
   [in_domain_f0_CTT_Impala_FS-B] Ens:RankAvg-Hybrid       PR-AUC=0.9997 ROC=0.9999 R@10FA=0.996 R@fpr1e-3=0.999 (157.6s+3.9s)
[in_domain_f0_CTT_Impala_FS-B] done in 1107s
