[in_domain_f0_CTT_Forester_FS-B] train=112,043 (pos 13,814) calib=49,115 eval=62,883 (pos 13,793) dim=40
   [in_domain_f0_CTT_Forester_FS-B] Rule:Periodicity         PR-AUC=0.9321 ROC=0.9418 R@10FA=0.622 R@fpr1e-3=0.875 (0.0s+0.0s)
   [in_domain_f0_CTT_Forester_FS-B] Rule:UnseenID            PR-AUC=0.3343 ROC=0.5736 R@10FA=0.147 R@fpr1e-3=0.147 (0.0s+0.0s)
   [in_domain_f0_CTT_Forester_FS-B] Rule:BusLoad             PR-AUC=0.7488 ROC=0.8558 R@10FA=0.325 R@fpr1e-3=0.367 (0.0s+0.0s)
   [in_domain_f0_CTT_Forester_FS-B] Rule:IDEntropy           PR-AUC=0.5939 ROC=0.7172 R@10FA=0.000 R@fpr1e-3=0.000 (0.0s+0.0s)
   [in_domain_f0_CTT_Forester_FS-B] Rule:Hamming             PR-AUC=0.7254 ROC=0.8141 R@10FA=0.179 R@fpr1e-3=0.248 (0.0s+0.0s)
   [in_domain_f0_CTT_Forester_FS-B] Rule:Staleness           PR-AUC=0.2143 ROC=0.4844 R@10FA=0.000 R@fpr1e-3=0.001 (0.0s+0.0s)
   [in_domain_f0_CTT_Forester_FS-B] Rule:Combined            PR-AUC=0.9712 ROC=0.9938 R@10FA=0.299 R@fpr1e-3=0.307 (0.1s+0.0s)
   [in_domain_f0_CTT_Forester_FS-B] IForest                  PR-AUC=0.9724 ROC=0.9958 R@10FA=0.024 R@fpr1e-3=0.182 (1.9s+2.3s)
   [in_domain_f0_CTT_Forester_FS-B] LogReg                   PR-AUC=0.9996 ROC=0.9999 R@10FA=0.976 R@fpr1e-3=0.996 (0.4s+0.0s)
   [in_domain_f0_CTT_Forester_FS-B] RandomForest             PR-AUC=1.0000 ROC=1.0000 R@10FA=0.998 R@fpr1e-3=1.000 (39.2s+0.7s)
   [in_domain_f0_CTT_Forester_FS-B] ExtraTrees               PR-AUC=1.0000 ROC=1.0000 R@10FA=0.997 R@fpr1e-3=1.000 (23.0s+1.1s)
   [in_domain_f0_CTT_Forester_FS-B] HistGB                   PR-AUC=1.0000 ROC=1.0000 R@10FA=0.999 R@fpr1e-3=1.000 (20.4s+1.5s)
   [in_domain_f0_CTT_Forester_FS-B] XGBoost                  PR-AUC=1.0000 ROC=1.0000 R@10FA=0.998 R@fpr1e-3=1.000 (17.8s+0.5s)
   [in_domain_f0_CTT_Forester_FS-B] LightGBM                 PR-AUC=1.0000 ROC=1.0000 R@10FA=0.999 R@fpr1e-3=1.000 (33.9s+1.6s)
   [in_domain_f0_CTT_Forester_FS-B] CatBoost                 PR-AUC=1.0000 ROC=1.0000 R@10FA=0.999 R@fpr1e-3=1.000 (18.6s+0.1s)
   [in_domain_f0_CTT_Forester_FS-B] NN:MLP                   PR-AUC=0.9993 ROC=0.9995 R@10FA=0.987 R@fpr1e-3=0.995 (57.3s+0.1s)
   [in_domain_f0_CTT_Forester_FS-B] NN:CNN1D                 PR-AUC=0.9974 ROC=0.9987 R@10FA=0.984 R@fpr1e-3=0.987 (90.2s+1.9s)
   [in_domain_f0_CTT_Forester_FS-B] NN:LSTM                  PR-AUC=0.9950 ROC=0.9969 R@10FA=0.979 R@fpr1e-3=0.984 (134.5s+1.6s)
   [in_domain_f0_CTT_Forester_FS-B] NN:Transformer           PR-AUC=0.9996 ROC=0.9999 R@10FA=0.985 R@fpr1e-3=0.993 (374.7s+4.2s)
   [in_domain_f0_CTT_Forester_FS-B] Ens:RankAvg-Trees        PR-AUC=1.0000 ROC=1.0000 R@10FA=0.998 R@fpr1e-3=1.000 (68.0s+2.8s)
   [in_domain_f0_CTT_Forester_FS-B] Ens:Stack-Trees          PR-AUC=1.0000 ROC=1.0000 R@10FA=0.999 R@fpr1e-3=1.000 (296.3s+3.7s)
   [in_domain_f0_CTT_Forester_FS-B] Ens:RankAvg-Hybrid       PR-AUC=0.9997 ROC=0.9999 R@10FA=0.988 R@fpr1e-3=0.994 (273.0s+4.6s)
[in_domain_f0_CTT_Forester_FS-B] done in 1480s
