[in_domain_f1_CIDv2_OpelAstra_FS-B] train=58,997 (pos 475) calib=29,261 eval=29,742 (pos 477) dim=40
   [in_domain_f1_CIDv2_OpelAstra_FS-B] Rule:Periodicity         PR-AUC=0.0131 ROC=0.2006 R@10FA=0.000 R@fpr1e-3=0.000 (0.0s+0.0s)
   [in_domain_f1_CIDv2_OpelAstra_FS-B] Rule:UnseenID            PR-AUC=0.6823 ROC=0.8386 R@10FA=0.677 R@fpr1e-3=0.677 (0.0s+0.0s)
   [in_domain_f1_CIDv2_OpelAstra_FS-B] Rule:BusLoad             PR-AUC=0.6705 ROC=0.8131 R@10FA=0.656 R@fpr1e-3=0.656 (0.0s+0.0s)
   [in_domain_f1_CIDv2_OpelAstra_FS-B] Rule:IDEntropy           PR-AUC=0.6845 ROC=0.8506 R@10FA=0.658 R@fpr1e-3=0.660 (0.0s+0.0s)
   [in_domain_f1_CIDv2_OpelAstra_FS-B] Rule:Hamming             PR-AUC=0.0129 ROC=0.2124 R@10FA=0.000 R@fpr1e-3=0.000 (0.0s+0.0s)
   [in_domain_f1_CIDv2_OpelAstra_FS-B] Rule:Staleness           PR-AUC=0.9667 ROC=0.9841 R@10FA=0.964 R@fpr1e-3=0.966 (0.0s+0.0s)
   [in_domain_f1_CIDv2_OpelAstra_FS-B] Rule:Combined            PR-AUC=0.8260 ROC=0.9936 R@10FA=0.665 R@fpr1e-3=0.665 (0.0s+0.0s)
   [in_domain_f1_CIDv2_OpelAstra_FS-B] IForest                  PR-AUC=0.7190 ROC=0.9582 R@10FA=0.660 R@fpr1e-3=0.662 (1.4s+1.4s)
   [in_domain_f1_CIDv2_OpelAstra_FS-B] LogReg                   PR-AUC=0.7259 ROC=0.9821 R@10FA=0.822 R@fpr1e-3=0.872 (0.3s+0.0s)
   [in_domain_f1_CIDv2_OpelAstra_FS-B] RandomForest             PR-AUC=0.9951 ROC=0.9997 R@10FA=0.996 R@fpr1e-3=0.996 (15.6s+0.4s)
   [in_domain_f1_CIDv2_OpelAstra_FS-B] ExtraTrees               PR-AUC=0.9947 ROC=0.9982 R@10FA=0.996 R@fpr1e-3=0.996 (4.8s+0.5s)
   [in_domain_f1_CIDv2_OpelAstra_FS-B] HistGB                   PR-AUC=0.9659 ROC=0.9847 R@10FA=0.969 R@fpr1e-3=0.969 (9.6s+0.3s)
   [in_domain_f1_CIDv2_OpelAstra_FS-B] XGBoost                  PR-AUC=0.9921 ROC=0.9988 R@10FA=0.992 R@fpr1e-3=0.992 (7.5s+0.1s)
   [in_domain_f1_CIDv2_OpelAstra_FS-B] LightGBM                 PR-AUC=0.9938 ROC=0.9992 R@10FA=0.990 R@fpr1e-3=0.992 (18.7s+0.7s)
   [in_domain_f1_CIDv2_OpelAstra_FS-B] CatBoost                 PR-AUC=0.9956 ROC=0.9990 R@10FA=0.996 R@fpr1e-3=0.996 (11.2s+0.0s)
   [in_domain_f1_CIDv2_OpelAstra_FS-B] NN:MLP                   PR-AUC=0.7050 ROC=0.9851 R@10FA=0.864 R@fpr1e-3=0.899 (44.2s+0.1s)
   [in_domain_f1_CIDv2_OpelAstra_FS-B] NN:CNN1D                 PR-AUC=0.8392 ROC=0.9843 R@10FA=0.843 R@fpr1e-3=0.872 (45.8s+1.1s)
   [in_domain_f1_CIDv2_OpelAstra_FS-B] NN:LSTM                  PR-AUC=0.7693 ROC=0.9237 R@10FA=0.742 R@fpr1e-3=0.753 (80.7s+0.8s)
   [in_domain_f1_CIDv2_OpelAstra_FS-B] NN:Transformer           PR-AUC=0.6509 ROC=0.9408 R@10FA=0.727 R@fpr1e-3=0.744 (230.9s+1.8s)
   [in_domain_f1_CIDv2_OpelAstra_FS-B] Ens:RankAvg-Trees        PR-AUC=0.9933 ROC=0.9993 R@10FA=0.992 R@fpr1e-3=0.992 (95.8s+1.8s)
   [in_domain_f1_CIDv2_OpelAstra_FS-B] Ens:Stack-Trees          PR-AUC=0.9949 ROC=0.9993 R@10FA=0.996 R@fpr1e-3=0.996 (283.3s+1.5s)
   [in_domain_f1_CIDv2_OpelAstra_FS-B] Ens:RankAvg-Hybrid       PR-AUC=0.9715 ROC=0.9972 R@10FA=0.893 R@fpr1e-3=0.939 (274.8s+2.9s)
[in_domain_f1_CIDv2_OpelAstra_FS-B] done in 1140s
