[in_domain_f0_CTT_Silverado_FS-B] train=107,839 (pos 10,916) calib=48,462 eval=59,344 (pos 10,900) dim=40
   [in_domain_f0_CTT_Silverado_FS-B] Rule:Periodicity         PR-AUC=0.8597 ROC=0.8940 R@10FA=0.431 R@fpr1e-3=0.702 (0.0s+0.0s)
   [in_domain_f0_CTT_Silverado_FS-B] Rule:UnseenID            PR-AUC=0.4271 ROC=0.6491 R@10FA=0.298 R@fpr1e-3=0.298 (0.0s+0.0s)
   [in_domain_f0_CTT_Silverado_FS-B] Rule:BusLoad             PR-AUC=0.8262 ROC=0.9057 R@10FA=0.053 R@fpr1e-3=0.341 (0.0s+0.0s)
   [in_domain_f0_CTT_Silverado_FS-B] Rule:IDEntropy           PR-AUC=0.6868 ROC=0.7087 R@10FA=0.560 R@fpr1e-3=0.567 (0.0s+0.0s)
   [in_domain_f0_CTT_Silverado_FS-B] Rule:Hamming             PR-AUC=0.3068 ROC=0.4381 R@10FA=0.142 R@fpr1e-3=0.147 (0.0s+0.0s)
   [in_domain_f0_CTT_Silverado_FS-B] Rule:Staleness           PR-AUC=0.1857 ROC=0.4915 R@10FA=0.000 R@fpr1e-3=0.002 (0.0s+0.0s)
   [in_domain_f0_CTT_Silverado_FS-B] Rule:Combined            PR-AUC=0.9918 ROC=0.9985 R@10FA=0.918 R@fpr1e-3=0.918 (0.1s+0.0s)
   [in_domain_f0_CTT_Silverado_FS-B] IForest                  PR-AUC=0.9611 ROC=0.9769 R@10FA=0.703 R@fpr1e-3=0.793 (2.3s+2.6s)
   [in_domain_f0_CTT_Silverado_FS-B] LogReg                   PR-AUC=0.9992 ROC=0.9997 R@10FA=0.934 R@fpr1e-3=0.989 (0.9s+0.0s)
   [in_domain_f0_CTT_Silverado_FS-B] RandomForest             PR-AUC=0.9989 ROC=0.9994 R@10FA=0.953 R@fpr1e-3=0.991 (59.8s+1.0s)
   [in_domain_f0_CTT_Silverado_FS-B] ExtraTrees               PR-AUC=0.9992 ROC=0.9996 R@10FA=0.914 R@fpr1e-3=0.992 (28.1s+1.3s)
   [in_domain_f0_CTT_Silverado_FS-B] HistGB                   PR-AUC=0.9993 ROC=0.9997 R@10FA=0.975 R@fpr1e-3=0.993 (34.0s+1.3s)
   [in_domain_f0_CTT_Silverado_FS-B] XGBoost                  PR-AUC=0.9994 ROC=0.9998 R@10FA=0.957 R@fpr1e-3=0.992 (16.2s+0.4s)
   [in_domain_f0_CTT_Silverado_FS-B] LightGBM                 PR-AUC=0.9993 ROC=0.9997 R@10FA=0.968 R@fpr1e-3=0.993 (43.9s+2.1s)
   [in_domain_f0_CTT_Silverado_FS-B] CatBoost                 PR-AUC=0.9994 ROC=0.9997 R@10FA=0.957 R@fpr1e-3=0.994 (25.1s+0.1s)
   [in_domain_f0_CTT_Silverado_FS-B] NN:MLP                   PR-AUC=0.9992 ROC=0.9996 R@10FA=0.970 R@fpr1e-3=0.990 (136.1s+0.1s)
   [in_domain_f0_CTT_Silverado_FS-B] NN:CNN1D                 PR-AUC=0.9991 ROC=0.9996 R@10FA=0.515 R@fpr1e-3=0.972 (80.2s+2.0s)
   [in_domain_f0_CTT_Silverado_FS-B] NN:LSTM                  PR-AUC=0.9997 ROC=0.9999 R@10FA=0.910 R@fpr1e-3=0.993 (107.1s+1.7s)
   [in_domain_f0_CTT_Silverado_FS-B] NN:Transformer           PR-AUC=0.9994 ROC=0.9998 R@10FA=0.917 R@fpr1e-3=0.984 (339.6s+2.8s)
   [in_domain_f0_CTT_Silverado_FS-B] Ens:RankAvg-Trees        PR-AUC=0.9994 ROC=0.9997 R@10FA=0.967 R@fpr1e-3=0.993 (115.5s+3.6s)
   [in_domain_f0_CTT_Silverado_FS-B] Ens:Stack-Trees          PR-AUC=0.9992 ROC=0.9996 R@10FA=0.934 R@fpr1e-3=0.993 (593.7s+5.2s)
   [in_domain_f0_CTT_Silverado_FS-B] Ens:RankAvg-Hybrid       PR-AUC=0.9995 ROC=0.9998 R@10FA=0.891 R@fpr1e-3=0.995 (307.7s+7.5s)
[in_domain_f0_CTT_Silverado_FS-B] done in 1926s
