[in_domain_f0_CIDv2_Prototype_FS-B] train=5,470 (pos 530) calib=2,470 eval=2,994 (pos 528) dim=40
   [in_domain_f0_CIDv2_Prototype_FS-B] Rule:Periodicity         PR-AUC=0.1578 ROC=0.2772 R@10FA=0.002 R@fpr1e-3=0.004 (0.0s+0.0s)
   [in_domain_f0_CIDv2_Prototype_FS-B] Rule:UnseenID            PR-AUC=0.6802 ROC=0.8059 R@10FA=0.612 R@fpr1e-3=0.612 (0.0s+0.0s)
   [in_domain_f0_CIDv2_Prototype_FS-B] Rule:BusLoad             PR-AUC=0.9136 ROC=0.9289 R@10FA=0.739 R@fpr1e-3=0.739 (0.0s+0.0s)
   [in_domain_f0_CIDv2_Prototype_FS-B] Rule:IDEntropy           PR-AUC=0.7127 ROC=0.7559 R@10FA=0.598 R@fpr1e-3=0.598 (0.0s+0.0s)
   [in_domain_f0_CIDv2_Prototype_FS-B] Rule:Hamming             PR-AUC=0.1284 ROC=0.1228 R@10FA=0.000 R@fpr1e-3=0.000 (0.0s+0.0s)
   [in_domain_f0_CIDv2_Prototype_FS-B] Rule:Staleness           PR-AUC=0.7343 ROC=0.8251 R@10FA=0.595 R@fpr1e-3=0.595 (0.0s+0.0s)
   [in_domain_f0_CIDv2_Prototype_FS-B] Rule:Combined            PR-AUC=0.8627 ROC=0.9586 R@10FA=0.614 R@fpr1e-3=0.616 (0.0s+0.0s)
   [in_domain_f0_CIDv2_Prototype_FS-B] IForest                  PR-AUC=0.9566 ROC=0.9891 R@10FA=0.000 R@fpr1e-3=0.000 (0.9s+0.2s)
   [in_domain_f0_CIDv2_Prototype_FS-B] LogReg                   PR-AUC=0.9874 ROC=0.9940 R@10FA=0.826 R@fpr1e-3=0.826 (0.1s+0.0s)
   [in_domain_f0_CIDv2_Prototype_FS-B] RandomForest             PR-AUC=0.9948 ROC=0.9983 R@10FA=0.964 R@fpr1e-3=0.964 (2.0s+0.3s)
   [in_domain_f0_CIDv2_Prototype_FS-B] ExtraTrees               PR-AUC=0.9920 ROC=0.9977 R@10FA=0.953 R@fpr1e-3=0.953 (1.0s+0.3s)
   [in_domain_f0_CIDv2_Prototype_FS-B] HistGB                   PR-AUC=0.9937 ROC=0.9979 R@10FA=0.941 R@fpr1e-3=0.941 (20.9s+0.3s)
   [in_domain_f0_CIDv2_Prototype_FS-B] XGBoost                  PR-AUC=0.9934 ROC=0.9977 R@10FA=0.943 R@fpr1e-3=0.943 (2.0s+0.0s)
   [in_domain_f0_CIDv2_Prototype_FS-B] LightGBM                 PR-AUC=0.9944 ROC=0.9981 R@10FA=0.945 R@fpr1e-3=0.945 (4.5s+0.1s)
   [in_domain_f0_CIDv2_Prototype_FS-B] CatBoost                 PR-AUC=0.9951 ROC=0.9985 R@10FA=0.945 R@fpr1e-3=0.945 (8.3s+0.0s)
   [in_domain_f0_CIDv2_Prototype_FS-B] NN:MLP                   PR-AUC=0.9842 ROC=0.9902 R@10FA=0.926 R@fpr1e-3=0.926 (6.5s+0.0s)
   [in_domain_f0_CIDv2_Prototype_FS-B] NN:CNN1D                 PR-AUC=0.9897 ROC=0.9967 R@10FA=0.955 R@fpr1e-3=0.955 (3.9s+0.1s)
   [in_domain_f0_CIDv2_Prototype_FS-B] NN:LSTM                  PR-AUC=0.9834 ROC=0.9932 R@10FA=0.955 R@fpr1e-3=0.955 (6.2s+0.1s)
   [in_domain_f0_CIDv2_Prototype_FS-B] NN:Transformer           PR-AUC=0.9922 ROC=0.9962 R@10FA=0.939 R@fpr1e-3=0.939 (21.8s+0.2s)
   [in_domain_f0_CIDv2_Prototype_FS-B] Ens:RankAvg-Trees        PR-AUC=0.9943 ROC=0.9981 R@10FA=0.947 R@fpr1e-3=0.964 (8.4s+0.4s)
   [in_domain_f0_CIDv2_Prototype_FS-B] Ens:Stack-Trees          PR-AUC=0.9942 ROC=0.9983 R@10FA=0.958 R@fpr1e-3=0.958 (37.0s+0.7s)
   [in_domain_f0_CIDv2_Prototype_FS-B] Ens:RankAvg-Hybrid       PR-AUC=0.9917 ROC=0.9972 R@10FA=0.953 R@fpr1e-3=0.953 (20.8s+0.5s)
[in_domain_f0_CIDv2_Prototype_FS-B] done in 148s
