[in_domain_f0_CIDv2_OpelAstra_FS-B] train=59,003 (pos 477) calib=29,263 eval=29,734 (pos 475) dim=40
   [in_domain_f0_CIDv2_OpelAstra_FS-B] Rule:Periodicity         PR-AUC=0.0168 ROC=0.1510 R@10FA=0.004 R@fpr1e-3=0.004 (0.0s+0.0s)
   [in_domain_f0_CIDv2_OpelAstra_FS-B] Rule:UnseenID            PR-AUC=0.6851 ROC=0.8400 R@10FA=0.680 R@fpr1e-3=0.680 (0.0s+0.0s)
   [in_domain_f0_CIDv2_OpelAstra_FS-B] Rule:BusLoad             PR-AUC=0.6714 ROC=0.8131 R@10FA=0.657 R@fpr1e-3=0.657 (0.0s+0.0s)
   [in_domain_f0_CIDv2_OpelAstra_FS-B] Rule:IDEntropy           PR-AUC=0.6851 ROC=0.8510 R@10FA=0.659 R@fpr1e-3=0.659 (0.0s+0.0s)
   [in_domain_f0_CIDv2_OpelAstra_FS-B] Rule:Hamming             PR-AUC=0.0161 ROC=0.2762 R@10FA=0.000 R@fpr1e-3=0.000 (0.0s+0.0s)
   [in_domain_f0_CIDv2_OpelAstra_FS-B] Rule:Staleness           PR-AUC=0.9723 ROC=0.9841 R@10FA=0.971 R@fpr1e-3=0.971 (0.0s+0.0s)
   [in_domain_f0_CIDv2_OpelAstra_FS-B] Rule:Combined            PR-AUC=0.8076 ROC=0.9942 R@10FA=0.661 R@fpr1e-3=0.663 (0.0s+0.0s)
   [in_domain_f0_CIDv2_OpelAstra_FS-B] IForest                  PR-AUC=0.7047 ROC=0.9488 R@10FA=0.659 R@fpr1e-3=0.663 (1.3s+1.4s)
   [in_domain_f0_CIDv2_OpelAstra_FS-B] LogReg                   PR-AUC=0.9956 ROC=0.9958 R@10FA=0.985 R@fpr1e-3=0.996 (0.6s+0.0s)
   [in_domain_f0_CIDv2_OpelAstra_FS-B] RandomForest             PR-AUC=0.9996 ROC=1.0000 R@10FA=0.994 R@fpr1e-3=0.998 (15.3s+0.4s)
   [in_domain_f0_CIDv2_OpelAstra_FS-B] ExtraTrees               PR-AUC=0.9998 ROC=1.0000 R@10FA=0.998 R@fpr1e-3=0.998 (6.6s+0.5s)
   [in_domain_f0_CIDv2_OpelAstra_FS-B] HistGB                   PR-AUC=0.9798 ROC=0.9890 R@10FA=0.975 R@fpr1e-3=0.977 (9.3s+0.4s)
   [in_domain_f0_CIDv2_OpelAstra_FS-B] XGBoost                  PR-AUC=0.9959 ROC=0.9989 R@10FA=0.994 R@fpr1e-3=0.994 (6.3s+0.1s)
   [in_domain_f0_CIDv2_OpelAstra_FS-B] LightGBM                 PR-AUC=0.9944 ROC=0.9980 R@10FA=0.994 R@fpr1e-3=0.994 (9.8s+1.0s)
   [in_domain_f0_CIDv2_OpelAstra_FS-B] CatBoost                 PR-AUC=0.9985 ROC=0.9999 R@10FA=0.996 R@fpr1e-3=0.998 (16.6s+0.0s)
   [in_domain_f0_CIDv2_OpelAstra_FS-B] NN:MLP                   PR-AUC=0.9908 ROC=0.9950 R@10FA=0.985 R@fpr1e-3=0.987 (53.0s+0.1s)
   [in_domain_f0_CIDv2_OpelAstra_FS-B] NN:CNN1D                 PR-AUC=0.9819 ROC=0.9871 R@10FA=0.981 R@fpr1e-3=0.981 (43.0s+1.0s)
   [in_domain_f0_CIDv2_OpelAstra_FS-B] NN:LSTM                  PR-AUC=0.9897 ROC=0.9939 R@10FA=0.985 R@fpr1e-3=0.989 (75.3s+0.9s)
   [in_domain_f0_CIDv2_OpelAstra_FS-B] NN:Transformer           PR-AUC=0.9887 ROC=0.9932 R@10FA=0.985 R@fpr1e-3=0.987 (186.1s+1.7s)
   [in_domain_f0_CIDv2_OpelAstra_FS-B] Ens:RankAvg-Trees        PR-AUC=0.9953 ROC=0.9986 R@10FA=0.994 R@fpr1e-3=0.994 (64.7s+2.0s)
   [in_domain_f0_CIDv2_OpelAstra_FS-B] Ens:Stack-Trees          PR-AUC=0.9998 ROC=1.0000 R@10FA=0.998 R@fpr1e-3=0.998 (195.7s+2.4s)
   [in_domain_f0_CIDv2_OpelAstra_FS-B] Ens:RankAvg-Hybrid       PR-AUC=0.9880 ROC=0.9974 R@10FA=0.981 R@fpr1e-3=0.983 (213.2s+2.9s)
[in_domain_f0_CIDv2_OpelAstra_FS-B] done in 914s
