[in_domain_f1_CTT_Silverado_FS-B] train=107,806 (pos 10,900) calib=48,450 eval=59,389 (pos 10,916) dim=40
   [in_domain_f1_CTT_Silverado_FS-B] Rule:Periodicity         PR-AUC=0.8616 ROC=0.9010 R@10FA=0.597 R@fpr1e-3=0.746 (0.0s+0.0s)
   [in_domain_f1_CTT_Silverado_FS-B] Rule:UnseenID            PR-AUC=0.4291 ROC=0.6502 R@10FA=0.300 R@fpr1e-3=0.300 (0.0s+0.0s)
   [in_domain_f1_CTT_Silverado_FS-B] Rule:BusLoad             PR-AUC=0.8257 ROC=0.9060 R@10FA=0.055 R@fpr1e-3=0.327 (0.0s+0.0s)
   [in_domain_f1_CTT_Silverado_FS-B] Rule:IDEntropy           PR-AUC=0.6865 ROC=0.7081 R@10FA=0.554 R@fpr1e-3=0.568 (0.0s+0.0s)
   [in_domain_f1_CTT_Silverado_FS-B] Rule:Hamming             PR-AUC=0.3001 ROC=0.4827 R@10FA=0.131 R@fpr1e-3=0.138 (0.0s+0.0s)
   [in_domain_f1_CTT_Silverado_FS-B] Rule:Staleness           PR-AUC=0.1812 ROC=0.4851 R@10FA=0.000 R@fpr1e-3=0.001 (0.0s+0.0s)
   [in_domain_f1_CTT_Silverado_FS-B] Rule:Combined            PR-AUC=0.9915 ROC=0.9984 R@10FA=0.921 R@fpr1e-3=0.921 (0.1s+0.0s)
   [in_domain_f1_CTT_Silverado_FS-B] IForest                  PR-AUC=0.9566 ROC=0.9671 R@10FA=0.707 R@fpr1e-3=0.809 (2.1s+2.6s)
   [in_domain_f1_CTT_Silverado_FS-B] LogReg                   PR-AUC=0.9620 ROC=0.9951 R@10FA=0.986 R@fpr1e-3=0.994 (0.8s+0.1s)
   [in_domain_f1_CTT_Silverado_FS-B] RandomForest             PR-AUC=0.9988 ROC=0.9994 R@10FA=0.977 R@fpr1e-3=0.995 (58.9s+1.0s)
   [in_domain_f1_CTT_Silverado_FS-B] ExtraTrees               PR-AUC=0.9987 ROC=0.9995 R@10FA=0.983 R@fpr1e-3=0.995 (28.7s+1.3s)
   [in_domain_f1_CTT_Silverado_FS-B] HistGB                   PR-AUC=0.9992 ROC=0.9996 R@10FA=0.985 R@fpr1e-3=0.996 (22.0s+1.5s)
   [in_domain_f1_CTT_Silverado_FS-B] XGBoost                  PR-AUC=0.9994 ROC=0.9998 R@10FA=0.984 R@fpr1e-3=0.995 (21.8s+0.4s)
   [in_domain_f1_CTT_Silverado_FS-B] LightGBM                 PR-AUC=0.9994 ROC=0.9997 R@10FA=0.984 R@fpr1e-3=0.996 (54.3s+1.9s)
   [in_domain_f1_CTT_Silverado_FS-B] CatBoost                 PR-AUC=0.9992 ROC=0.9996 R@10FA=0.987 R@fpr1e-3=0.995 (22.4s+0.1s)
   [in_domain_f1_CTT_Silverado_FS-B] NN:MLP                   PR-AUC=0.9622 ROC=0.9953 R@10FA=0.986 R@fpr1e-3=0.995 (131.7s+0.1s)
   [in_domain_f1_CTT_Silverado_FS-B] NN:CNN1D                 PR-AUC=0.9454 ROC=0.9931 R@10FA=0.571 R@fpr1e-3=0.983 (77.4s+2.0s)
   [in_domain_f1_CTT_Silverado_FS-B] NN:LSTM                  PR-AUC=0.9926 ROC=0.9985 R@10FA=0.955 R@fpr1e-3=0.993 (120.5s+1.5s)
   [in_domain_f1_CTT_Silverado_FS-B] NN:Transformer           PR-AUC=0.9586 ROC=0.9949 R@10FA=0.953 R@fpr1e-3=0.993 (357.3s+3.1s)
   [in_domain_f1_CTT_Silverado_FS-B] Ens:RankAvg-Trees        PR-AUC=0.9994 ROC=0.9998 R@10FA=0.983 R@fpr1e-3=0.995 (118.1s+3.2s)
   [in_domain_f1_CTT_Silverado_FS-B] Ens:Stack-Trees          PR-AUC=0.9990 ROC=0.9996 R@10FA=0.981 R@fpr1e-3=0.995 (458.1s+11.9s)
   [in_domain_f1_CTT_Silverado_FS-B] Ens:RankAvg-Hybrid       PR-AUC=0.9976 ROC=0.9994 R@10FA=0.970 R@fpr1e-3=0.995 (294.3s+5.7s)
[in_domain_f1_CTT_Silverado_FS-B] done in 1809s
