[in_domain_f0_ROAD_ORNL_FS-B] train=150,000 (pos 11,890) calib=101,152 eval=113,006 (pos 11,877) dim=40
   [in_domain_f0_ROAD_ORNL_FS-B] Rule:Periodicity         PR-AUC=0.1051 ROC=0.4521 R@10FA=0.000 R@fpr1e-3=0.001 (0.0s+0.0s)
   [in_domain_f0_ROAD_ORNL_FS-B] Rule:UnseenID            PR-AUC=0.1141 ROC=0.5051 R@10FA=0.010 R@fpr1e-3=0.010 (0.0s+0.0s)
   [in_domain_f0_ROAD_ORNL_FS-B] Rule:BusLoad             PR-AUC=0.1278 ROC=0.5767 R@10FA=0.000 R@fpr1e-3=0.001 (0.0s+0.0s)
   [in_domain_f0_ROAD_ORNL_FS-B] Rule:IDEntropy           PR-AUC=0.1234 ROC=0.5468 R@10FA=0.001 R@fpr1e-3=0.005 (0.0s+0.0s)
   [in_domain_f0_ROAD_ORNL_FS-B] Rule:Hamming             PR-AUC=0.0946 ROC=0.4931 R@10FA=0.000 R@fpr1e-3=0.000 (0.0s+0.0s)
   [in_domain_f0_ROAD_ORNL_FS-B] Rule:Staleness           PR-AUC=0.0970 ROC=0.4807 R@10FA=0.000 R@fpr1e-3=0.000 (0.0s+0.0s)
   [in_domain_f0_ROAD_ORNL_FS-B] Rule:Combined            PR-AUC=0.1078 ROC=0.5350 R@10FA=0.000 R@fpr1e-3=0.010 (0.1s+0.1s)
   [in_domain_f0_ROAD_ORNL_FS-B] IForest                  PR-AUC=0.1654 ROC=0.6466 R@10FA=0.000 R@fpr1e-3=0.002 (2.3s+4.4s)
   [in_domain_f0_ROAD_ORNL_FS-B] LogReg                   PR-AUC=0.6803 ROC=0.9078 R@10FA=0.149 R@fpr1e-3=0.269 (2.5s+0.1s)
   [in_domain_f0_ROAD_ORNL_FS-B] RandomForest             PR-AUC=0.7793 ROC=0.9453 R@10FA=0.242 R@fpr1e-3=0.339 (66.6s+3.6s)
   [in_domain_f0_ROAD_ORNL_FS-B] ExtraTrees               PR-AUC=0.7724 ROC=0.9428 R@10FA=0.246 R@fpr1e-3=0.371 (40.2s+4.7s)
   [in_domain_f0_ROAD_ORNL_FS-B] HistGB                   PR-AUC=0.7994 ROC=0.9487 R@10FA=0.263 R@fpr1e-3=0.366 (25.6s+5.0s)
   [in_domain_f0_ROAD_ORNL_FS-B] XGBoost                  PR-AUC=0.8122 ROC=0.9531 R@10FA=0.303 R@fpr1e-3=0.397 (13.4s+1.0s)
   [in_domain_f0_ROAD_ORNL_FS-B] LightGBM                 PR-AUC=0.8162 ROC=0.9551 R@10FA=0.276 R@fpr1e-3=0.379 (9.1s+3.7s)
   [in_domain_f0_ROAD_ORNL_FS-B] CatBoost                 PR-AUC=0.8049 ROC=0.9510 R@10FA=0.287 R@fpr1e-3=0.389 (24.2s+0.1s)
   [in_domain_f0_ROAD_ORNL_FS-B] NN:MLP                   PR-AUC=0.7334 ROC=0.9271 R@10FA=0.338 R@fpr1e-3=0.403 (39.6s+0.1s)
   [in_domain_f0_ROAD_ORNL_FS-B] NN:CNN1D                 PR-AUC=0.8728 ROC=0.9834 R@10FA=0.136 R@fpr1e-3=0.438 (53.0s+3.0s)
   [in_domain_f0_ROAD_ORNL_FS-B] NN:LSTM                  PR-AUC=0.8940 ROC=0.9829 R@10FA=0.394 R@fpr1e-3=0.545 (57.6s+2.1s)
   [in_domain_f0_ROAD_ORNL_FS-B] NN:Transformer           PR-AUC=0.8874 ROC=0.9816 R@10FA=0.395 R@fpr1e-3=0.550 (164.5s+4.0s)
   [in_domain_f0_ROAD_ORNL_FS-B] Ens:RankAvg-Trees        PR-AUC=0.8178 ROC=0.9553 R@10FA=0.289 R@fpr1e-3=0.397 (58.4s+5.6s)
   [in_domain_f0_ROAD_ORNL_FS-B] Ens:Stack-Trees          PR-AUC=0.8121 ROC=0.9529 R@10FA=0.265 R@fpr1e-3=0.393 (225.9s+9.4s)
   [in_domain_f0_ROAD_ORNL_FS-B] Ens:RankAvg-Hybrid       PR-AUC=0.8554 ROC=0.9704 R@10FA=0.389 R@fpr1e-3=0.465 (131.6s+8.6s)
[in_domain_f0_ROAD_ORNL_FS-B] done in 975s
