[in_domain_f1_CTT_Forester_FS-B] train=111,998 (pos 13,793) calib=49,104 eval=62,939 (pos 13,814) dim=40
   [in_domain_f1_CTT_Forester_FS-B] Rule:Periodicity         PR-AUC=0.9331 ROC=0.9452 R@10FA=0.776 R@fpr1e-3=0.877 (0.0s+0.0s)
   [in_domain_f1_CTT_Forester_FS-B] Rule:UnseenID            PR-AUC=0.3345 ROC=0.5737 R@10FA=0.147 R@fpr1e-3=0.147 (0.0s+0.0s)
   [in_domain_f1_CTT_Forester_FS-B] Rule:BusLoad             PR-AUC=0.7404 ROC=0.8533 R@10FA=0.294 R@fpr1e-3=0.347 (0.0s+0.0s)
   [in_domain_f1_CTT_Forester_FS-B] Rule:IDEntropy           PR-AUC=0.5575 ROC=0.7302 R@10FA=0.000 R@fpr1e-3=0.000 (0.0s+0.0s)
   [in_domain_f1_CTT_Forester_FS-B] Rule:Hamming             PR-AUC=0.7226 ROC=0.8100 R@10FA=0.185 R@fpr1e-3=0.232 (0.0s+0.0s)
   [in_domain_f1_CTT_Forester_FS-B] Rule:Staleness           PR-AUC=0.2159 ROC=0.4853 R@10FA=0.010 R@fpr1e-3=0.011 (0.0s+0.0s)
   [in_domain_f1_CTT_Forester_FS-B] Rule:Combined            PR-AUC=0.9531 ROC=0.9901 R@10FA=0.302 R@fpr1e-3=0.311 (0.1s+0.1s)
   [in_domain_f1_CTT_Forester_FS-B] IForest                  PR-AUC=0.8938 ROC=0.9894 R@10FA=0.003 R@fpr1e-3=0.010 (2.0s+2.6s)
   [in_domain_f1_CTT_Forester_FS-B] LogReg                   PR-AUC=0.9952 ROC=0.9984 R@10FA=0.966 R@fpr1e-3=0.997 (0.7s+0.1s)
   [in_domain_f1_CTT_Forester_FS-B] RandomForest             PR-AUC=0.9999 ROC=1.0000 R@10FA=0.973 R@fpr1e-3=0.999 (38.6s+0.7s)
   [in_domain_f1_CTT_Forester_FS-B] ExtraTrees               PR-AUC=0.9999 ROC=1.0000 R@10FA=0.976 R@fpr1e-3=0.999 (21.8s+1.0s)
   [in_domain_f1_CTT_Forester_FS-B] HistGB                   PR-AUC=0.9999 ROC=0.9999 R@10FA=0.982 R@fpr1e-3=0.999 (17.4s+0.9s)
   [in_domain_f1_CTT_Forester_FS-B] XGBoost                  PR-AUC=1.0000 ROC=1.0000 R@10FA=0.971 R@fpr1e-3=0.999 (7.3s+0.3s)
   [in_domain_f1_CTT_Forester_FS-B] LightGBM                 PR-AUC=1.0000 ROC=1.0000 R@10FA=0.992 R@fpr1e-3=0.999 (18.6s+1.4s)
   [in_domain_f1_CTT_Forester_FS-B] CatBoost                 PR-AUC=1.0000 ROC=1.0000 R@10FA=0.986 R@fpr1e-3=0.999 (21.3s+0.1s)
   [in_domain_f1_CTT_Forester_FS-B] NN:MLP                   PR-AUC=0.9930 ROC=0.9945 R@10FA=0.934 R@fpr1e-3=0.991 (41.7s+0.1s)
   [in_domain_f1_CTT_Forester_FS-B] NN:CNN1D                 PR-AUC=0.9780 ROC=0.9959 R@10FA=0.000 R@fpr1e-3=0.000 (80.3s+2.0s)
   [in_domain_f1_CTT_Forester_FS-B] NN:LSTM                  PR-AUC=0.9926 ROC=0.9984 R@10FA=0.417 R@fpr1e-3=0.661 (135.0s+2.1s)
   [in_domain_f1_CTT_Forester_FS-B] NN:Transformer           PR-AUC=0.9641 ROC=0.9967 R@10FA=0.916 R@fpr1e-3=0.972 (412.1s+4.5s)
   [in_domain_f1_CTT_Forester_FS-B] Ens:RankAvg-Trees        PR-AUC=1.0000 ROC=1.0000 R@10FA=0.989 R@fpr1e-3=0.999 (84.1s+2.3s)
   [in_domain_f1_CTT_Forester_FS-B] Ens:Stack-Trees          PR-AUC=1.0000 ROC=1.0000 R@10FA=0.982 R@fpr1e-3=0.999 (215.6s+3.5s)
   [in_domain_f1_CTT_Forester_FS-B] Ens:RankAvg-Hybrid       PR-AUC=0.9983 ROC=0.9991 R@10FA=0.943 R@fpr1e-3=0.988 (215.7s+4.4s)
[in_domain_f1_CTT_Forester_FS-B] done in 1342s
