[in_domain_f0_CIDv2_RenaultClio_FS-B] train=8,657 (pos 433) calib=4,112 eval=4,540 (pos 431) dim=40
   [in_domain_f0_CIDv2_RenaultClio_FS-B] Rule:Periodicity         PR-AUC=0.0838 ROC=0.1554 R@10FA=0.005 R@fpr1e-3=0.005 (0.0s+0.0s)
   [in_domain_f0_CIDv2_RenaultClio_FS-B] Rule:UnseenID            PR-AUC=0.7732 ROC=0.8747 R@10FA=0.749 R@fpr1e-3=0.749 (0.0s+0.0s)
   [in_domain_f0_CIDv2_RenaultClio_FS-B] Rule:BusLoad             PR-AUC=0.7693 ROC=0.8290 R@10FA=0.729 R@fpr1e-3=0.729 (0.0s+0.0s)
   [in_domain_f0_CIDv2_RenaultClio_FS-B] Rule:IDEntropy           PR-AUC=0.7798 ROC=0.8797 R@10FA=0.726 R@fpr1e-3=0.726 (0.0s+0.0s)
   [in_domain_f0_CIDv2_RenaultClio_FS-B] Rule:Hamming             PR-AUC=0.1114 ROC=0.2017 R@10FA=0.000 R@fpr1e-3=0.000 (0.0s+0.0s)
   [in_domain_f0_CIDv2_RenaultClio_FS-B] Rule:Staleness           PR-AUC=0.9739 ROC=0.9783 R@10FA=0.970 R@fpr1e-3=0.970 (0.0s+0.0s)
   [in_domain_f0_CIDv2_RenaultClio_FS-B] Rule:Combined            PR-AUC=0.9437 ROC=0.9935 R@10FA=0.729 R@fpr1e-3=0.729 (0.0s+0.0s)
   [in_domain_f0_CIDv2_RenaultClio_FS-B] IForest                  PR-AUC=0.8832 ROC=0.9702 R@10FA=0.726 R@fpr1e-3=0.726 (0.7s+0.2s)
   [in_domain_f0_CIDv2_RenaultClio_FS-B] LogReg                   PR-AUC=0.9867 ROC=0.9925 R@10FA=0.972 R@fpr1e-3=0.972 (0.1s+0.0s)
   [in_domain_f0_CIDv2_RenaultClio_FS-B] RandomForest             PR-AUC=0.9992 ROC=0.9999 R@10FA=0.995 R@fpr1e-3=0.995 (2.3s+0.4s)
   [in_domain_f0_CIDv2_RenaultClio_FS-B] ExtraTrees               PR-AUC=0.9989 ROC=0.9998 R@10FA=0.995 R@fpr1e-3=0.998 (1.5s+0.3s)
   [in_domain_f0_CIDv2_RenaultClio_FS-B] HistGB                   PR-AUC=0.9983 ROC=0.9997 R@10FA=0.979 R@fpr1e-3=0.995 (64.2s+1.1s)
   [in_domain_f0_CIDv2_RenaultClio_FS-B] XGBoost                  PR-AUC=0.9975 ROC=0.9993 R@10FA=0.986 R@fpr1e-3=0.993 (5.7s+0.0s)
   [in_domain_f0_CIDv2_RenaultClio_FS-B] LightGBM                 PR-AUC=0.9983 ROC=0.9997 R@10FA=0.995 R@fpr1e-3=0.995 (12.5s+0.1s)
   [in_domain_f0_CIDv2_RenaultClio_FS-B] CatBoost                 PR-AUC=0.9998 ROC=1.0000 R@10FA=0.998 R@fpr1e-3=0.998 (5.8s+0.0s)
   [in_domain_f0_CIDv2_RenaultClio_FS-B] NN:MLP                   PR-AUC=0.9886 ROC=0.9936 R@10FA=0.972 R@fpr1e-3=0.972 (4.2s+0.0s)
   [in_domain_f0_CIDv2_RenaultClio_FS-B] NN:CNN1D                 PR-AUC=0.9880 ROC=0.9962 R@10FA=0.974 R@fpr1e-3=0.974 (4.4s+0.2s)
   [in_domain_f0_CIDv2_RenaultClio_FS-B] NN:LSTM                  PR-AUC=0.9840 ROC=0.9926 R@10FA=0.977 R@fpr1e-3=0.977 (5.1s+0.1s)
   [in_domain_f0_CIDv2_RenaultClio_FS-B] NN:Transformer           PR-AUC=0.9819 ROC=0.9890 R@10FA=0.972 R@fpr1e-3=0.972 (20.5s+0.3s)
   [in_domain_f0_CIDv2_RenaultClio_FS-B] Ens:RankAvg-Trees        PR-AUC=0.9985 ROC=0.9997 R@10FA=0.993 R@fpr1e-3=0.995 (15.5s+0.4s)
   [in_domain_f0_CIDv2_RenaultClio_FS-B] Ens:Stack-Trees          PR-AUC=0.9991 ROC=0.9998 R@10FA=0.995 R@fpr1e-3=0.998 (58.6s+0.7s)
   [in_domain_f0_CIDv2_RenaultClio_FS-B] Ens:RankAvg-Hybrid       PR-AUC=0.9972 ROC=0.9996 R@10FA=0.972 R@fpr1e-3=0.974 (21.1s+0.6s)
[in_domain_f0_CIDv2_RenaultClio_FS-B] done in 227s
