[in_domain_f1_CTT_Impala_FS-B] train=92,090 (pos 6,299) calib=42,894 eval=49,222 (pos 6,311) dim=40
   [in_domain_f1_CTT_Impala_FS-B] Rule:Periodicity         PR-AUC=0.8031 ROC=0.8689 R@10FA=0.712 R@fpr1e-3=0.730 (0.0s+0.0s)
   [in_domain_f1_CTT_Impala_FS-B] Rule:UnseenID            PR-AUC=0.3684 ROC=0.6378 R@10FA=0.276 R@fpr1e-3=0.276 (0.0s+0.0s)
   [in_domain_f1_CTT_Impala_FS-B] Rule:BusLoad             PR-AUC=0.5696 ROC=0.7886 R@10FA=0.242 R@fpr1e-3=0.264 (0.0s+0.0s)
   [in_domain_f1_CTT_Impala_FS-B] Rule:IDEntropy           PR-AUC=0.4672 ROC=0.6274 R@10FA=0.280 R@fpr1e-3=0.303 (0.0s+0.0s)
   [in_domain_f1_CTT_Impala_FS-B] Rule:Hamming             PR-AUC=0.2013 ROC=0.5665 R@10FA=0.007 R@fpr1e-3=0.016 (0.0s+0.0s)
   [in_domain_f1_CTT_Impala_FS-B] Rule:Staleness           PR-AUC=0.1184 ROC=0.4651 R@10FA=0.000 R@fpr1e-3=0.001 (0.0s+0.0s)
   [in_domain_f1_CTT_Impala_FS-B] Rule:Combined            PR-AUC=0.8067 ROC=0.9640 R@10FA=0.681 R@fpr1e-3=0.681 (0.1s+0.0s)
   [in_domain_f1_CTT_Impala_FS-B] IForest                  PR-AUC=0.7748 ROC=0.8806 R@10FA=0.327 R@fpr1e-3=0.458 (1.7s+2.2s)
   [in_domain_f1_CTT_Impala_FS-B] LogReg                   PR-AUC=0.9590 ROC=0.9968 R@10FA=0.921 R@fpr1e-3=1.000 (0.7s+0.0s)
   [in_domain_f1_CTT_Impala_FS-B] RandomForest             PR-AUC=0.9998 ROC=0.9999 R@10FA=0.997 R@fpr1e-3=0.999 (34.0s+0.7s)
   [in_domain_f1_CTT_Impala_FS-B] ExtraTrees               PR-AUC=0.9999 ROC=1.0000 R@10FA=0.988 R@fpr1e-3=1.000 (21.0s+1.0s)
   [in_domain_f1_CTT_Impala_FS-B] HistGB                   PR-AUC=0.9996 ROC=0.9998 R@10FA=0.998 R@fpr1e-3=0.999 (21.0s+1.6s)
   [in_domain_f1_CTT_Impala_FS-B] XGBoost                  PR-AUC=0.9998 ROC=0.9999 R@10FA=0.999 R@fpr1e-3=0.999 (5.0s+0.2s)
   [in_domain_f1_CTT_Impala_FS-B] LightGBM                 PR-AUC=1.0000 ROC=1.0000 R@10FA=0.998 R@fpr1e-3=1.000 (8.0s+1.4s)
   [in_domain_f1_CTT_Impala_FS-B] CatBoost                 PR-AUC=0.9999 ROC=1.0000 R@10FA=0.999 R@fpr1e-3=1.000 (16.9s+0.0s)
   [in_domain_f1_CTT_Impala_FS-B] NN:MLP                   PR-AUC=0.9637 ROC=0.9972 R@10FA=0.973 R@fpr1e-3=1.000 (49.1s+0.1s)
   [in_domain_f1_CTT_Impala_FS-B] NN:CNN1D                 PR-AUC=0.8783 ROC=0.9871 R@10FA=0.000 R@fpr1e-3=0.000 (64.7s+1.6s)
   [in_domain_f1_CTT_Impala_FS-B] NN:LSTM                  PR-AUC=0.9456 ROC=0.9914 R@10FA=0.398 R@fpr1e-3=0.577 (91.8s+1.8s)
   [in_domain_f1_CTT_Impala_FS-B] NN:Transformer           PR-AUC=0.9904 ROC=0.9990 R@10FA=0.481 R@fpr1e-3=0.834 (321.0s+2.4s)
   [in_domain_f1_CTT_Impala_FS-B] Ens:RankAvg-Trees        PR-AUC=0.9999 ROC=1.0000 R@10FA=0.998 R@fpr1e-3=0.999 (69.6s+2.4s)
   [in_domain_f1_CTT_Impala_FS-B] Ens:Stack-Trees          PR-AUC=0.9999 ROC=1.0000 R@10FA=0.999 R@fpr1e-3=1.000 (252.7s+3.1s)
   [in_domain_f1_CTT_Impala_FS-B] Ens:RankAvg-Hybrid       PR-AUC=0.9990 ROC=0.9998 R@10FA=0.979 R@fpr1e-3=0.999 (202.6s+4.6s)
[in_domain_f1_CTT_Impala_FS-B] done in 1186s
