[in_domain_f1_CIDv2_Prototype_FS-B] train=5,464 (pos 528) calib=2,468 eval=3,002 (pos 530) dim=40
   [in_domain_f1_CIDv2_Prototype_FS-B] Rule:Periodicity         PR-AUC=0.1379 ROC=0.1944 R@10FA=0.000 R@fpr1e-3=0.000 (0.0s+0.0s)
   [in_domain_f1_CIDv2_Prototype_FS-B] Rule:UnseenID            PR-AUC=0.6799 ROC=0.8057 R@10FA=0.611 R@fpr1e-3=0.611 (0.0s+0.0s)
   [in_domain_f1_CIDv2_Prototype_FS-B] Rule:BusLoad             PR-AUC=0.8940 ROC=0.9216 R@10FA=0.689 R@fpr1e-3=0.696 (0.0s+0.0s)
   [in_domain_f1_CIDv2_Prototype_FS-B] Rule:IDEntropy           PR-AUC=0.7657 ROC=0.8383 R@10FA=0.592 R@fpr1e-3=0.592 (0.0s+0.0s)
   [in_domain_f1_CIDv2_Prototype_FS-B] Rule:Hamming             PR-AUC=0.1359 ROC=0.1808 R@10FA=0.000 R@fpr1e-3=0.000 (0.0s+0.0s)
   [in_domain_f1_CIDv2_Prototype_FS-B] Rule:Staleness           PR-AUC=0.7150 ROC=0.7922 R@10FA=0.553 R@fpr1e-3=0.579 (0.0s+0.0s)
   [in_domain_f1_CIDv2_Prototype_FS-B] Rule:Combined            PR-AUC=0.8949 ROC=0.9676 R@10FA=0.615 R@fpr1e-3=0.615 (0.0s+0.0s)
   [in_domain_f1_CIDv2_Prototype_FS-B] IForest                  PR-AUC=0.9326 ROC=0.9840 R@10FA=0.000 R@fpr1e-3=0.000 (0.7s+0.2s)
   [in_domain_f1_CIDv2_Prototype_FS-B] LogReg                   PR-AUC=0.9215 ROC=0.9948 R@10FA=0.806 R@fpr1e-3=0.806 (0.1s+0.0s)
   [in_domain_f1_CIDv2_Prototype_FS-B] RandomForest             PR-AUC=0.9972 ROC=0.9993 R@10FA=0.974 R@fpr1e-3=0.974 (1.9s+0.3s)
   [in_domain_f1_CIDv2_Prototype_FS-B] ExtraTrees               PR-AUC=0.9973 ROC=0.9993 R@10FA=0.957 R@fpr1e-3=0.968 (0.9s+0.3s)
   [in_domain_f1_CIDv2_Prototype_FS-B] HistGB                   PR-AUC=0.9987 ROC=0.9997 R@10FA=0.970 R@fpr1e-3=0.970 (15.4s+0.4s)
   [in_domain_f1_CIDv2_Prototype_FS-B] XGBoost                  PR-AUC=0.9988 ROC=0.9997 R@10FA=0.979 R@fpr1e-3=0.979 (2.5s+0.0s)
   [in_domain_f1_CIDv2_Prototype_FS-B] LightGBM                 PR-AUC=0.9989 ROC=0.9997 R@10FA=0.966 R@fpr1e-3=0.966 (4.4s+0.1s)
   [in_domain_f1_CIDv2_Prototype_FS-B] CatBoost                 PR-AUC=0.9981 ROC=0.9995 R@10FA=0.957 R@fpr1e-3=0.974 (5.6s+0.0s)
   [in_domain_f1_CIDv2_Prototype_FS-B] NN:MLP                   PR-AUC=0.9612 ROC=0.9936 R@10FA=0.928 R@fpr1e-3=0.928 (2.0s+0.0s)
   [in_domain_f1_CIDv2_Prototype_FS-B] NN:CNN1D                 PR-AUC=0.9883 ROC=0.9970 R@10FA=0.000 R@fpr1e-3=0.000 (5.0s+0.2s)
   [in_domain_f1_CIDv2_Prototype_FS-B] NN:LSTM                  PR-AUC=0.9692 ROC=0.9818 R@10FA=0.868 R@fpr1e-3=0.870 (10.6s+0.1s)
   [in_domain_f1_CIDv2_Prototype_FS-B] NN:Transformer           PR-AUC=0.9487 ROC=0.9942 R@10FA=0.645 R@fpr1e-3=0.736 (25.0s+0.2s)
   [in_domain_f1_CIDv2_Prototype_FS-B] Ens:RankAvg-Trees        PR-AUC=0.9988 ROC=0.9997 R@10FA=0.960 R@fpr1e-3=0.960 (10.3s+0.3s)
   [in_domain_f1_CIDv2_Prototype_FS-B] Ens:Stack-Trees          PR-AUC=0.9976 ROC=0.9994 R@10FA=0.974 R@fpr1e-3=0.974 (55.2s+0.7s)
   [in_domain_f1_CIDv2_Prototype_FS-B] Ens:RankAvg-Hybrid       PR-AUC=0.9982 ROC=0.9995 R@10FA=0.713 R@fpr1e-3=0.923 (22.0s+0.5s)
[in_domain_f1_CIDv2_Prototype_FS-B] done in 165s
