[in_domain_f0_CTT_Traverse_FS-B] train=111,250 (pos 11,887) calib=49,680 eval=61,532 (pos 11,869) dim=40
   [in_domain_f0_CTT_Traverse_FS-B] Rule:Periodicity         PR-AUC=0.8115 ROC=0.8522 R@10FA=0.665 R@fpr1e-3=0.683 (0.0s+0.0s)
   [in_domain_f0_CTT_Traverse_FS-B] Rule:UnseenID            PR-AUC=0.5713 ROC=0.7344 R@10FA=0.469 R@fpr1e-3=0.469 (0.0s+0.0s)
   [in_domain_f0_CTT_Traverse_FS-B] Rule:BusLoad             PR-AUC=0.7196 ROC=0.8223 R@10FA=0.295 R@fpr1e-3=0.394 (0.0s+0.0s)
   [in_domain_f0_CTT_Traverse_FS-B] Rule:IDEntropy           PR-AUC=0.2773 ROC=0.3976 R@10FA=0.073 R@fpr1e-3=0.086 (0.0s+0.0s)
   [in_domain_f0_CTT_Traverse_FS-B] Rule:Hamming             PR-AUC=0.5786 ROC=0.7115 R@10FA=0.329 R@fpr1e-3=0.334 (0.0s+0.0s)
   [in_domain_f0_CTT_Traverse_FS-B] Rule:Staleness           PR-AUC=0.1824 ROC=0.4825 R@10FA=0.000 R@fpr1e-3=0.001 (0.0s+0.0s)
   [in_domain_f0_CTT_Traverse_FS-B] Rule:Combined            PR-AUC=0.9996 ROC=0.9999 R@10FA=0.999 R@fpr1e-3=0.999 (0.1s+0.0s)
   [in_domain_f0_CTT_Traverse_FS-B] IForest                  PR-AUC=0.9173 ROC=0.9606 R@10FA=0.521 R@fpr1e-3=0.637 (2.0s+2.5s)
   [in_domain_f0_CTT_Traverse_FS-B] LogReg                   PR-AUC=0.9993 ROC=0.9994 R@10FA=0.999 R@fpr1e-3=0.999 (0.6s+0.1s)
   [in_domain_f0_CTT_Traverse_FS-B] RandomForest             PR-AUC=0.9999 ROC=0.9999 R@10FA=0.999 R@fpr1e-3=0.999 (47.0s+0.9s)
   [in_domain_f0_CTT_Traverse_FS-B] ExtraTrees               PR-AUC=0.9999 ROC=0.9999 R@10FA=0.999 R@fpr1e-3=0.999 (26.2s+1.4s)
   [in_domain_f0_CTT_Traverse_FS-B] HistGB                   PR-AUC=0.9999 ROC=0.9999 R@10FA=0.999 R@fpr1e-3=1.000 (18.5s+0.9s)
   [in_domain_f0_CTT_Traverse_FS-B] XGBoost                  PR-AUC=0.9999 ROC=0.9999 R@10FA=0.999 R@fpr1e-3=1.000 (7.6s+0.4s)
   [in_domain_f0_CTT_Traverse_FS-B] LightGBM                 PR-AUC=0.9999 ROC=0.9999 R@10FA=0.999 R@fpr1e-3=1.000 (10.6s+1.9s)
   [in_domain_f0_CTT_Traverse_FS-B] CatBoost                 PR-AUC=0.9999 ROC=1.0000 R@10FA=0.999 R@fpr1e-3=1.000 (22.3s+0.1s)
   [in_domain_f0_CTT_Traverse_FS-B] NN:MLP                   PR-AUC=0.9994 ROC=0.9996 R@10FA=0.999 R@fpr1e-3=0.999 (59.3s+0.1s)
   [in_domain_f0_CTT_Traverse_FS-B] NN:CNN1D                 PR-AUC=0.9997 ROC=0.9999 R@10FA=0.978 R@fpr1e-3=0.998 (161.9s+2.0s)
   [in_domain_f0_CTT_Traverse_FS-B] NN:LSTM                  PR-AUC=0.9992 ROC=0.9996 R@10FA=0.984 R@fpr1e-3=0.996 (106.6s+2.0s)
   [in_domain_f0_CTT_Traverse_FS-B] NN:Transformer           PR-AUC=0.9999 ROC=0.9999 R@10FA=0.997 R@fpr1e-3=0.999 (394.3s+3.3s)
   [in_domain_f0_CTT_Traverse_FS-B] Ens:RankAvg-Trees        PR-AUC=0.9999 ROC=0.9999 R@10FA=0.999 R@fpr1e-3=1.000 (72.9s+3.0s)
   [in_domain_f0_CTT_Traverse_FS-B] Ens:Stack-Trees          PR-AUC=0.9999 ROC=0.9999 R@10FA=0.999 R@fpr1e-3=0.999 (245.5s+4.6s)
   [in_domain_f0_CTT_Traverse_FS-B] Ens:RankAvg-Hybrid       PR-AUC=0.9999 ROC=0.9999 R@10FA=0.999 R@fpr1e-3=0.999 (197.4s+5.2s)
[in_domain_f0_CTT_Traverse_FS-B] done in 1405s
