[in_domain_f1_CIDv2_RenaultClio_FS-B] train=8,652 (pos 431) calib=4,110 eval=4,547 (pos 433) dim=40
   [in_domain_f1_CIDv2_RenaultClio_FS-B] Rule:Periodicity         PR-AUC=0.0827 ROC=0.1653 R@10FA=0.000 R@fpr1e-3=0.000 (0.0s+0.0s)
   [in_domain_f1_CIDv2_RenaultClio_FS-B] Rule:UnseenID            PR-AUC=0.7702 ROC=0.8730 R@10FA=0.746 R@fpr1e-3=0.746 (0.0s+0.0s)
   [in_domain_f1_CIDv2_RenaultClio_FS-B] Rule:BusLoad             PR-AUC=0.7663 ROC=0.8246 R@10FA=0.723 R@fpr1e-3=0.723 (0.0s+0.0s)
   [in_domain_f1_CIDv2_RenaultClio_FS-B] Rule:IDEntropy           PR-AUC=0.7854 ROC=0.8848 R@10FA=0.723 R@fpr1e-3=0.723 (0.0s+0.0s)
   [in_domain_f1_CIDv2_RenaultClio_FS-B] Rule:Hamming             PR-AUC=0.1485 ROC=0.2578 R@10FA=0.000 R@fpr1e-3=0.000 (0.0s+0.0s)
   [in_domain_f1_CIDv2_RenaultClio_FS-B] Rule:Staleness           PR-AUC=0.9784 ROC=0.9874 R@10FA=0.723 R@fpr1e-3=0.963 (0.0s+0.0s)
   [in_domain_f1_CIDv2_RenaultClio_FS-B] Rule:Combined            PR-AUC=0.9400 ROC=0.9933 R@10FA=0.721 R@fpr1e-3=0.721 (0.0s+0.0s)
   [in_domain_f1_CIDv2_RenaultClio_FS-B] IForest                  PR-AUC=0.8165 ROC=0.9292 R@10FA=0.723 R@fpr1e-3=0.723 (0.8s+0.3s)
   [in_domain_f1_CIDv2_RenaultClio_FS-B] LogReg                   PR-AUC=0.8501 ROC=0.9495 R@10FA=0.834 R@fpr1e-3=0.871 (0.1s+0.0s)
   [in_domain_f1_CIDv2_RenaultClio_FS-B] RandomForest             PR-AUC=0.9973 ROC=0.9994 R@10FA=0.843 R@fpr1e-3=0.991 (2.5s+0.3s)
   [in_domain_f1_CIDv2_RenaultClio_FS-B] ExtraTrees               PR-AUC=0.9961 ROC=0.9977 R@10FA=0.885 R@fpr1e-3=0.991 (1.2s+0.3s)
   [in_domain_f1_CIDv2_RenaultClio_FS-B] HistGB                   PR-AUC=0.9950 ROC=0.9977 R@10FA=0.926 R@fpr1e-3=0.991 (12.5s+0.7s)
   [in_domain_f1_CIDv2_RenaultClio_FS-B] XGBoost                  PR-AUC=0.9978 ROC=0.9993 R@10FA=0.935 R@fpr1e-3=0.993 (3.8s+0.0s)
   [in_domain_f1_CIDv2_RenaultClio_FS-B] LightGBM                 PR-AUC=0.9984 ROC=0.9997 R@10FA=0.947 R@fpr1e-3=0.991 (4.7s+0.1s)
   [in_domain_f1_CIDv2_RenaultClio_FS-B] CatBoost                 PR-AUC=0.9990 ROC=0.9999 R@10FA=0.947 R@fpr1e-3=0.993 (7.6s+0.0s)
   [in_domain_f1_CIDv2_RenaultClio_FS-B] NN:MLP                   PR-AUC=0.8171 ROC=0.9744 R@10FA=0.903 R@fpr1e-3=0.915 (8.2s+0.0s)
   [in_domain_f1_CIDv2_RenaultClio_FS-B] NN:CNN1D                 PR-AUC=0.9268 ROC=0.9647 R@10FA=0.000 R@fpr1e-3=0.000 (7.6s+0.2s)
   [in_domain_f1_CIDv2_RenaultClio_FS-B] NN:LSTM                  PR-AUC=0.9220 ROC=0.9752 R@10FA=0.714 R@fpr1e-3=0.718 (7.0s+0.1s)
   [in_domain_f1_CIDv2_RenaultClio_FS-B] NN:Transformer           PR-AUC=0.8140 ROC=0.9752 R@10FA=0.755 R@fpr1e-3=0.811 (27.1s+0.3s)
   [in_domain_f1_CIDv2_RenaultClio_FS-B] Ens:RankAvg-Trees        PR-AUC=0.9985 ROC=0.9997 R@10FA=0.933 R@fpr1e-3=0.991 (5.7s+0.5s)
   [in_domain_f1_CIDv2_RenaultClio_FS-B] Ens:Stack-Trees          PR-AUC=0.9968 ROC=0.9991 R@10FA=0.850 R@fpr1e-3=0.991 (105.4s+1.0s)
   [in_domain_f1_CIDv2_RenaultClio_FS-B] Ens:RankAvg-Hybrid       PR-AUC=0.9692 ROC=0.9925 R@10FA=0.931 R@fpr1e-3=0.935 (33.9s+0.8s)
[in_domain_f1_CIDv2_RenaultClio_FS-B] done in 233s
